../Core/Src/main.c:110:6:HAL_GPIO_EXTI_Callback	8
../Core/Src/main.c:176:6:HAL_TIM_PeriodElapsedCallback	3
../Core/Src/main.c:201:6:HAL_ADC_ConvCpltCallback	13
../Core/Src/main.c:333:5:main	5
../Core/Src/main.c:441:6:SystemClock_Config	3
../Core/Src/main.c:487:13:MX_ADC1_Init	3
../Core/Src/main.c:539:13:MX_ADC2_Init	3
../Core/Src/main.c:591:13:MX_I2C1_Init	2
../Core/Src/main.c:625:13:MX_TIM1_Init	7
../Core/Src/main.c:700:13:MX_TIM6_Init	3
../Core/Src/main.c:738:13:MX_TIM7_Init	3
../Core/Src/main.c:774:13:MX_DMA_Init	1
../Core/Src/main.c:799:13:MX_GPIO_Init	1
../Core/Src/main.c:889:6:Log_Alert	2
../Core/Src/main.c:898:6:LCD_Print_DMA	4
../Core/Src/main.c:922:6:HAL_I2C_MasterTxCpltCallback	2
../Core/Src/main.c:928:6:Show_Last_Two_Alerts	12
../Core/Src/main.c:972:6:Error_Handler	1
