../Core/Src/main.c:102:6:HAL_GPIO_EXTI_Callback	24	static
../Core/Src/main.c:168:6:HAL_TIM_PeriodElapsedCallback	16	static
../Core/Src/main.c:190:6:HAL_ADC_ConvCpltCallback	80	static
../Core/Src/main.c:291:5:main	8	static
../Core/Src/main.c:399:6:SystemClock_Config	88	static
../Core/Src/main.c:445:13:MX_ADC1_Init	24	static
../Core/Src/main.c:497:13:MX_ADC2_Init	24	static
../Core/Src/main.c:549:13:MX_I2C1_Init	8	static
../Core/Src/main.c:583:13:MX_TIM1_Init	96	static
../Core/Src/main.c:658:13:MX_TIM6_Init	16	static
../Core/Src/main.c:696:13:MX_TIM7_Init	16	static
../Core/Src/main.c:732:13:MX_DMA_Init	16	static
../Core/Src/main.c:757:13:MX_GPIO_Init	56	static
../Core/Src/main.c:847:6:Log_Alert	16	static
../Core/Src/main.c:856:6:LCD_Print_DMA	24	static
../Core/Src/main.c:880:6:HAL_I2C_MasterTxCpltCallback	16	static
../Core/Src/main.c:886:6:Show_Last_Two_Alerts	24	static
../Core/Src/main.c:928:6:Error_Handler	4	static,ignoring_inline_asm
