../Core/Src/main.c:102:6:HAL_GPIO_EXTI_Callback	24	static
../Core/Src/main.c:202:6:HAL_TIM_PeriodElapsedCallback	16	static
../Core/Src/main.c:223:6:HAL_ADC_ConvCpltCallback	80	static
../Core/Src/main.c:282:5:main	8	static
../Core/Src/main.c:389:6:SystemClock_Config	88	static
../Core/Src/main.c:435:13:MX_ADC1_Init	24	static
../Core/Src/main.c:487:13:MX_I2C1_Init	8	static
../Core/Src/main.c:521:13:MX_TIM1_Init	96	static
../Core/Src/main.c:596:13:MX_TIM6_Init	16	static
../Core/Src/main.c:634:13:MX_TIM7_Init	16	static
../Core/Src/main.c:670:13:MX_DMA_Init	16	static
../Core/Src/main.c:692:13:MX_GPIO_Init	56	static
../Core/Src/main.c:782:6:Log_Alert	16	static
../Core/Src/main.c:791:6:LCD_Print_DMA	24	static
../Core/Src/main.c:815:6:HAL_I2C_MasterTxCpltCallback	16	static
../Core/Src/main.c:821:6:Show_Last_Two_Alerts	24	static
../Core/Src/main.c:863:6:Error_Handler	4	static,ignoring_inline_asm
