14:59:26 **** Incremental Build of configuration Debug for project Projet_scenario_1 ****
make -j4 all 
arm-none-eabi-gcc "../Core/Src/main.c" -mcpu=cortex-m4 -std=gnu11 -g3 -DDEBUG -DUSE_HAL_DRIVER -DSTM32F407xx -c -I../Core/Inc -I../Drivers/STM32F4xx_HAL_Driver/Inc -I../Drivers/STM32F4xx_HAL_Driver/Inc/Legacy -I../Drivers/CMSIS/Device/ST/STM32F4xx/Include -I../Drivers/CMSIS/Include -O0 -ffunction-sections -fdata-sections -Wall -fstack-usage -fcyclomatic-complexity -MMD -MP -MF"Core/Src/main.d" -MT"Core/Src/main.o" --specs=nano.specs -mfpu=fpv4-sp-d16 -mfloat-abi=hard -mthumb -o "Core/Src/main.o"
arm-none-eabi-gcc -o "Projet_scenario_1.elf" @"objects.list"   -mcpu=cortex-m4 -T"C:\Users\Doublism\Desktop\gib1\AgroSafe-main (1)\AgroSafe-main\Projet_scenario_1\STM32F407VGTX_FLASH.ld" --specs=nosys.specs -Wl,-Map="Projet_scenario_1.map" -Wl,--gc-sections -static --specs=nano.specs -mfpu=fpv4-sp-d16 -mfloat-abi=hard -mthumb -u _printf_float -Wl,--start-group -lc -lm -Wl,--end-group
Finished building target: Projet_scenario_1.elf
 
arm-none-eabi-size  Projet_scenario_1.elf 
arm-none-eabi-objdump -h -S Projet_scenario_1.elf  > "Projet_scenario_1.list"
arm-none-eabi-objcopy  -O ihex Projet_scenario_1.elf  "Projet_scenario_1.hex"
   text	   data	    bss	    dec	    hex	filename
  38324	    492	   2500	  41316	   a164	Projet_scenario_1.elf
Finished building: default.size.stdout
 
Finished building: Projet_scenario_1.hex
 
Finished building: Projet_scenario_1.list
 
15:02:40 **** Incremental Build of configuration Debug for project Projet_scenario_1 ****
make -j4 all 
arm-none-eabi-size  Projet_scenario_1.elf 
   text	   data	    bss	    dec	    hex	filename
  38324	    492	   2500	  41316	   a164	Projet_scenario_1.elf
Finished building: default.size.stdout
 
15:06:04 **** Incremental Build of configuration Debug for project Projet_scenario_1 ****
make -j4 all 
arm-none-eabi-gcc "../Core/Src/main.c" -mcpu=cortex-m4 -std=gnu11 -g3 -DDEBUG -DUSE_HAL_DRIVER -DSTM32F407xx -c -I../Core/Inc -I../Drivers/STM32F4xx_HAL_Driver/Inc -I../Drivers/STM32F4xx_HAL_Driver/Inc/Legacy -I../Drivers/CMSIS/Device/ST/STM32F4xx/Include -I../Drivers/CMSIS/Include -O0 -ffunction-sections -fdata-sections -Wall -fstack-usage -fcyclomatic-complexity -MMD -MP -MF"Core/Src/main.d" -MT"Core/Src/main.o" --specs=nano.specs -mfpu=fpv4-sp-d16 -mfloat-abi=hard -mthumb -o "Core/Src/main.o"
arm-none-eabi-gcc -o "Projet_scenario_1.elf" @"objects.list"   -mcpu=cortex-m4 -T"C:\Users\Doublism\Desktop\gib1\AgroSafe-main (1)\AgroSafe-main\Projet_scenario_1\STM32F407VGTX_FLASH.ld" --specs=nosys.specs -Wl,-Map="Projet_scenario_1.map" -Wl,--gc-sections -static --specs=nano.specs -mfpu=fpv4-sp-d16 -mfloat-abi=hard -mthumb -u _printf_float -Wl,--start-group -lc -lm -Wl,--end-group
Finished building target: Projet_scenario_1.elf
 
arm-none-eabi-size  Projet_scenario_1.elf 
arm-none-eabi-objdump -h -S Projet_scenario_1.elf  > "Projet_scenario_1.list"
arm-none-eabi-objcopy  -O ihex Projet_scenario_1.elf  "Projet_scenario_1.hex"
   text	   data	    bss	    dec	    hex	filename
  38300	    492	   2500	  41292	   a14c	Projet_scenario_1.elf
Finished building: default.size.stdout
 
Finished building: Projet_scenario_1.hex
 
Finished building: Projet_scenario_1.list
 
15:07:12 **** Incremental Build of configuration Debug for project Projet_scenario_1 ****
make -j4 all 
arm-none-eabi-gcc "../Core/Src/main.c" -mcpu=cortex-m4 -std=gnu11 -g3 -DDEBUG -DUSE_HAL_DRIVER -DSTM32F407xx -c -I../Core/Inc -I../Drivers/STM32F4xx_HAL_Driver/Inc -I../Drivers/STM32F4xx_HAL_Driver/Inc/Legacy -I../Drivers/CMSIS/Device/ST/STM32F4xx/Include -I../Drivers/CMSIS/Include -O0 -ffunction-sections -fdata-sections -Wall -fstack-usage -fcyclomatic-complexity -MMD -MP -MF"Core/Src/main.d" -MT"Core/Src/main.o" --specs=nano.specs -mfpu=fpv4-sp-d16 -mfloat-abi=hard -mthumb -o "Core/Src/main.o"
../Core/Src/main.c: In function 'main':
../Core/Src/main.c:343:15: warning: implicit declaration of function 'Show_Last_Two_Alerts' [-Wimplicit-function-declaration]
  343 |               Show_Last_Two_Alerts();
      |               ^~~~~~~~~~~~~~~~~~~~
../Core/Src/main.c: At top level:
../Core/Src/main.c:821:6: warning: conflicting types for 'Show_Last_Two_Alerts'; have 'void(void)'
  821 | void Show_Last_Two_Alerts(void)
      |      ^~~~~~~~~~~~~~~~~~~~
../Core/Src/main.c:343:15: note: previous implicit declaration of 'Show_Last_Two_Alerts' with type 'void(void)'
  343 |               Show_Last_Two_Alerts();
      |               ^~~~~~~~~~~~~~~~~~~~
arm-none-eabi-gcc -o "Projet_scenario_1.elf" @"objects.list"   -mcpu=cortex-m4 -T"C:\Users\Doublism\Desktop\gib1\AgroSafe-main (1)\AgroSafe-main\Projet_scenario_1\STM32F407VGTX_FLASH.ld" --specs=nosys.specs -Wl,-Map="Projet_scenario_1.map" -Wl,--gc-sections -static --specs=nano.specs -mfpu=fpv4-sp-d16 -mfloat-abi=hard -mthumb -u _printf_float -Wl,--start-group -lc -lm -Wl,--end-group
Finished building target: Projet_scenario_1.elf
 
arm-none-eabi-size  Projet_scenario_1.elf 
arm-none-eabi-objdump -h -S Projet_scenario_1.elf  > "Projet_scenario_1.list"
arm-none-eabi-objcopy  -O ihex Projet_scenario_1.elf  "Projet_scenario_1.hex"
   text	   data	    bss	    dec	    hex	filename
  38556	    492	   2500	  41548	   a24c	Projet_scenario_1.elf
Finished building: default.size.stdout
 
Finished building: Projet_scenario_1.hex
 
Finished building: Projet_scenario_1.list
 
01:33:55 **** Incremental Build of configuration Debug for project Projet_scenario_1 ****
make -j4 all 
arm-none-eabi-gcc "../Drivers/STM32F4xx_HAL_Driver/Src/stm32f4xx_hal.c" -mcpu=cortex-m4 -std=gnu11 -g3 -DDEBUG -DUSE_HAL_DRIVER -DSTM32F407xx -c -I../Core/Inc -I../Drivers/STM32F4xx_HAL_Driver/Inc -I../Drivers/STM32F4xx_HAL_Driver/Inc/Legacy -I../Drivers/CMSIS/Device/ST/STM32F4xx/Include -I../Drivers/CMSIS/Include -O0 -ffunction-sections -fdata-sections -Wall -fstack-usage -fcyclomatic-complexity -MMD -MP -MF"Drivers/STM32F4xx_HAL_Driver/Src/stm32f4xx_hal.d" -MT"Drivers/STM32F4xx_HAL_Driver/Src/stm32f4xx_hal.o" --specs=nano.specs -mfpu=fpv4-sp-d16 -mfloat-abi=hard -mthumb -o "Drivers/STM32F4xx_HAL_Driver/Src/stm32f4xx_hal.o"
arm-none-eabi-gcc "../Drivers/STM32F4xx_HAL_Driver/Src/stm32f4xx_hal_adc.c" -mcpu=cortex-m4 -std=gnu11 -g3 -DDEBUG -DUSE_HAL_DRIVER -DSTM32F407xx -c -I../Core/Inc -I../Drivers/STM32F4xx_HAL_Driver/Inc -I../Drivers/STM32F4xx_HAL_Driver/Inc/Legacy -I../Drivers/CMSIS/Device/ST/STM32F4xx/Include -I../Drivers/CMSIS/Include -O0 -ffunction-sections -fdata-sections -Wall -fstack-usage -fcyclomatic-complexity -MMD -MP -MF"Drivers/STM32F4xx_HAL_Driver/Src/stm32f4xx_hal_adc.d" -MT"Drivers/STM32F4xx_HAL_Driver/Src/stm32f4xx_hal_adc.o" --specs=nano.specs -mfpu=fpv4-sp-d16 -mfloat-abi=hard -mthumb -o "Drivers/STM32F4xx_HAL_Driver/Src/stm32f4xx_hal_adc.o"
arm-none-eabi-gcc "../Drivers/STM32F4xx_HAL_Driver/Src/stm32f4xx_hal_adc_ex.c" -mcpu=cortex-m4 -std=gnu11 -g3 -DDEBUG -DUSE_HAL_DRIVER -DSTM32F407xx -c -I../Core/Inc -I../Drivers/STM32F4xx_HAL_Driver/Inc -I../Drivers/STM32F4xx_HAL_Driver/Inc/Legacy -I../Drivers/CMSIS/Device/ST/STM32F4xx/Include -I../Drivers/CMSIS/Include -O0 -ffunction-sections -fdata-sections -Wall -fstack-usage -fcyclomatic-complexity -MMD -MP -MF"Drivers/STM32F4xx_HAL_Driver/Src/stm32f4xx_hal_adc_ex.d" -MT"Drivers/STM32F4xx_HAL_Driver/Src/stm32f4xx_hal_adc_ex.o" --specs=nano.specs -mfpu=fpv4-sp-d16 -mfloat-abi=hard -mthumb -o "Drivers/STM32F4xx_HAL_Driver/Src/stm32f4xx_hal_adc_ex.o"
arm-none-eabi-gcc "../Drivers/STM32F4xx_HAL_Driver/Src/stm32f4xx_hal_cortex.c" -mcpu=cortex-m4 -std=gnu11 -g3 -DDEBUG -DUSE_HAL_DRIVER -DSTM32F407xx -c -I../Core/Inc -I../Drivers/STM32F4xx_HAL_Driver/Inc -I../Drivers/STM32F4xx_HAL_Driver/Inc/Legacy -I../Drivers/CMSIS/Device/ST/STM32F4xx/Include -I../Drivers/CMSIS/Include -O0 -ffunction-sections -fdata-sections -Wall -fstack-usage -fcyclomatic-complexity -MMD -MP -MF"Drivers/STM32F4xx_HAL_Driver/Src/stm32f4xx_hal_cortex.d" -MT"Drivers/STM32F4xx_HAL_Driver/Src/stm32f4xx_hal_cortex.o" --specs=nano.specs -mfpu=fpv4-sp-d16 -mfloat-abi=hard -mthumb -o "Drivers/STM32F4xx_HAL_Driver/Src/stm32f4xx_hal_cortex.o"
arm-none-eabi-gcc "../Drivers/STM32F4xx_HAL_Driver/Src/stm32f4xx_hal_dma.c" -mcpu=cortex-m4 -std=gnu11 -g3 -DDEBUG -DUSE_HAL_DRIVER -DSTM32F407xx -c -I../Core/Inc -I../Drivers/STM32F4xx_HAL_Driver/Inc -I../Drivers/STM32F4xx_HAL_Driver/Inc/Legacy -I../Drivers/CMSIS/Device/ST/STM32F4xx/Include -I../Drivers/CMSIS/Include -O0 -ffunction-sections -fdata-sections -Wall -fstack-usage -fcyclomatic-complexity -MMD -MP -MF"Drivers/STM32F4xx_HAL_Driver/Src/stm32f4xx_hal_dma.d" -MT"Drivers/STM32F4xx_HAL_Driver/Src/stm32f4xx_hal_dma.o" --specs=nano.specs -mfpu=fpv4-sp-d16 -mfloat-abi=hard -mthumb -o "Drivers/STM32F4xx_HAL_Driver/Src/stm32f4xx_hal_dma.o"
arm-none-eabi-gcc "../Drivers/STM32F4xx_HAL_Driver/Src/stm32f4xx_hal_dma_ex.c" -mcpu=cortex-m4 -std=gnu11 -g3 -DDEBUG -DUSE_HAL_DRIVER -DSTM32F407xx -c -I../Core/Inc -I../Drivers/STM32F4xx_HAL_Driver/Inc -I../Drivers/STM32F4xx_HAL_Driver/Inc/Legacy -I../Drivers/CMSIS/Device/ST/STM32F4xx/Include -I../Drivers/CMSIS/Include -O0 -ffunction-sections -fdata-sections -Wall -fstack-usage -fcyclomatic-complexity -MMD -MP -MF"Drivers/STM32F4xx_HAL_Driver/Src/stm32f4xx_hal_dma_ex.d" -MT"Drivers/STM32F4xx_HAL_Driver/Src/stm32f4xx_hal_dma_ex.o" --specs=nano.specs -mfpu=fpv4-sp-d16 -mfloat-abi=hard -mthumb -o "Drivers/STM32F4xx_HAL_Driver/Src/stm32f4xx_hal_dma_ex.o"
arm-none-eabi-gcc "../Drivers/STM32F4xx_HAL_Driver/Src/stm32f4xx_hal_exti.c" -mcpu=cortex-m4 -std=gnu11 -g3 -DDEBUG -DUSE_HAL_DRIVER -DSTM32F407xx -c -I../Core/Inc -I../Drivers/STM32F4xx_HAL_Driver/Inc -I../Drivers/STM32F4xx_HAL_Driver/Inc/Legacy -I../Drivers/CMSIS/Device/ST/STM32F4xx/Include -I../Drivers/CMSIS/Include -O0 -ffunction-sections -fdata-sections -Wall -fstack-usage -fcyclomatic-complexity -MMD -MP -MF"Drivers/STM32F4xx_HAL_Driver/Src/stm32f4xx_hal_exti.d" -MT"Drivers/STM32F4xx_HAL_Driver/Src/stm32f4xx_hal_exti.o" --specs=nano.specs -mfpu=fpv4-sp-d16 -mfloat-abi=hard -mthumb -o "Drivers/STM32F4xx_HAL_Driver/Src/stm32f4xx_hal_exti.o"
arm-none-eabi-gcc "../Drivers/STM32F4xx_HAL_Driver/Src/stm32f4xx_hal_flash.c" -mcpu=cortex-m4 -std=gnu11 -g3 -DDEBUG -DUSE_HAL_DRIVER -DSTM32F407xx -c -I../Core/Inc -I../Drivers/STM32F4xx_HAL_Driver/Inc -I../Drivers/STM32F4xx_HAL_Driver/Inc/Legacy -I../Drivers/CMSIS/Device/ST/STM32F4xx/Include -I../Drivers/CMSIS/Include -O0 -ffunction-sections -fdata-sections -Wall -fstack-usage -fcyclomatic-complexity -MMD -MP -MF"Drivers/STM32F4xx_HAL_Driver/Src/stm32f4xx_hal_flash.d" -MT"Drivers/STM32F4xx_HAL_Driver/Src/stm32f4xx_hal_flash.o" --specs=nano.specs -mfpu=fpv4-sp-d16 -mfloat-abi=hard -mthumb -o "Drivers/STM32F4xx_HAL_Driver/Src/stm32f4xx_hal_flash.o"
arm-none-eabi-gcc "../Drivers/STM32F4xx_HAL_Driver/Src/stm32f4xx_hal_flash_ex.c" -mcpu=cortex-m4 -std=gnu11 -g3 -DDEBUG -DUSE_HAL_DRIVER -DSTM32F407xx -c -I../Core/Inc -I../Drivers/STM32F4xx_HAL_Driver/Inc -I../Drivers/STM32F4xx_HAL_Driver/Inc/Legacy -I../Drivers/CMSIS/Device/ST/STM32F4xx/Include -I../Drivers/CMSIS/Include -O0 -ffunction-sections -fdata-sections -Wall -fstack-usage -fcyclomatic-complexity -MMD -MP -MF"Drivers/STM32F4xx_HAL_Driver/Src/stm32f4xx_hal_flash_ex.d" -MT"Drivers/STM32F4xx_HAL_Driver/Src/stm32f4xx_hal_flash_ex.o" --specs=nano.specs -mfpu=fpv4-sp-d16 -mfloat-abi=hard -mthumb -o "Drivers/STM32F4xx_HAL_Driver/Src/stm32f4xx_hal_flash_ex.o"
arm-none-eabi-gcc "../Drivers/STM32F4xx_HAL_Driver/Src/stm32f4xx_hal_flash_ramfunc.c" -mcpu=cortex-m4 -std=gnu11 -g3 -DDEBUG -DUSE_HAL_DRIVER -DSTM32F407xx -c -I../Core/Inc -I../Drivers/STM32F4xx_HAL_Driver/Inc -I../Drivers/STM32F4xx_HAL_Driver/Inc/Legacy -I../Drivers/CMSIS/Device/ST/STM32F4xx/Include -I../Drivers/CMSIS/Include -O0 -ffunction-sections -fdata-sections -Wall -fstack-usage -fcyclomatic-complexity -MMD -MP -MF"Drivers/STM32F4xx_HAL_Driver/Src/stm32f4xx_hal_flash_ramfunc.d" -MT"Drivers/STM32F4xx_HAL_Driver/Src/stm32f4xx_hal_flash_ramfunc.o" --specs=nano.specs -mfpu=fpv4-sp-d16 -mfloat-abi=hard -mthumb -o "Drivers/STM32F4xx_HAL_Driver/Src/stm32f4xx_hal_flash_ramfunc.o"
arm-none-eabi-gcc "../Drivers/STM32F4xx_HAL_Driver/Src/stm32f4xx_hal_gpio.c" -mcpu=cortex-m4 -std=gnu11 -g3 -DDEBUG -DUSE_HAL_DRIVER -DSTM32F407xx -c -I../Core/Inc -I../Drivers/STM32F4xx_HAL_Driver/Inc -I../Drivers/STM32F4xx_HAL_Driver/Inc/Legacy -I../Drivers/CMSIS/Device/ST/STM32F4xx/Include -I../Drivers/CMSIS/Include -O0 -ffunction-sections -fdata-sections -Wall -fstack-usage -fcyclomatic-complexity -MMD -MP -MF"Drivers/STM32F4xx_HAL_Driver/Src/stm32f4xx_hal_gpio.d" -MT"Drivers/STM32F4xx_HAL_Driver/Src/stm32f4xx_hal_gpio.o" --specs=nano.specs -mfpu=fpv4-sp-d16 -mfloat-abi=hard -mthumb -o "Drivers/STM32F4xx_HAL_Driver/Src/stm32f4xx_hal_gpio.o"
arm-none-eabi-gcc "../Drivers/STM32F4xx_HAL_Driver/Src/stm32f4xx_hal_i2c.c" -mcpu=cortex-m4 -std=gnu11 -g3 -DDEBUG -DUSE_HAL_DRIVER -DSTM32F407xx -c -I../Core/Inc -I../Drivers/STM32F4xx_HAL_Driver/Inc -I../Drivers/STM32F4xx_HAL_Driver/Inc/Legacy -I../Drivers/CMSIS/Device/ST/STM32F4xx/Include -I../Drivers/CMSIS/Include -O0 -ffunction-sections -fdata-sections -Wall -fstack-usage -fcyclomatic-complexity -MMD -MP -MF"Drivers/STM32F4xx_HAL_Driver/Src/stm32f4xx_hal_i2c.d" -MT"Drivers/STM32F4xx_HAL_Driver/Src/stm32f4xx_hal_i2c.o" --specs=nano.specs -mfpu=fpv4-sp-d16 -mfloat-abi=hard -mthumb -o "Drivers/STM32F4xx_HAL_Driver/Src/stm32f4xx_hal_i2c.o"
arm-none-eabi-gcc "../Drivers/STM32F4xx_HAL_Driver/Src/stm32f4xx_hal_i2c_ex.c" -mcpu=cortex-m4 -std=gnu11 -g3 -DDEBUG -DUSE_HAL_DRIVER -DSTM32F407xx -c -I../Core/Inc -I../Drivers/STM32F4xx_HAL_Driver/Inc -I../Drivers/STM32F4xx_HAL_Driver/Inc/Legacy -I../Drivers/CMSIS/Device/ST/STM32F4xx/Include -I../Drivers/CMSIS/Include -O0 -ffunction-sections -fdata-sections -Wall -fstack-usage -fcyclomatic-complexity -MMD -MP -MF"Drivers/STM32F4xx_HAL_Driver/Src/stm32f4xx_hal_i2c_ex.d" -MT"Drivers/STM32F4xx_HAL_Driver/Src/stm32f4xx_hal_i2c_ex.o" --specs=nano.specs -mfpu=fpv4-sp-d16 -mfloat-abi=hard -mthumb -o "Drivers/STM32F4xx_HAL_Driver/Src/stm32f4xx_hal_i2c_ex.o"
arm-none-eabi-gcc "../Drivers/STM32F4xx_HAL_Driver/Src/stm32f4xx_hal_pwr.c" -mcpu=cortex-m4 -std=gnu11 -g3 -DDEBUG -DUSE_HAL_DRIVER -DSTM32F407xx -c -I../Core/Inc -I../Drivers/STM32F4xx_HAL_Driver/Inc -I../Drivers/STM32F4xx_HAL_Driver/Inc/Legacy -I../Drivers/CMSIS/Device/ST/STM32F4xx/Include -I../Drivers/CMSIS/Include -O0 -ffunction-sections -fdata-sections -Wall -fstack-usage -fcyclomatic-complexity -MMD -MP -MF"Drivers/STM32F4xx_HAL_Driver/Src/stm32f4xx_hal_pwr.d" -MT"Drivers/STM32F4xx_HAL_Driver/Src/stm32f4xx_hal_pwr.o" --specs=nano.specs -mfpu=fpv4-sp-d16 -mfloat-abi=hard -mthumb -o "Drivers/STM32F4xx_HAL_Driver/Src/stm32f4xx_hal_pwr.o"
arm-none-eabi-gcc "../Drivers/STM32F4xx_HAL_Driver/Src/stm32f4xx_hal_pwr_ex.c" -mcpu=cortex-m4 -std=gnu11 -g3 -DDEBUG -DUSE_HAL_DRIVER -DSTM32F407xx -c -I../Core/Inc -I../Drivers/STM32F4xx_HAL_Driver/Inc -I../Drivers/STM32F4xx_HAL_Driver/Inc/Legacy -I../Drivers/CMSIS/Device/ST/STM32F4xx/Include -I../Drivers/CMSIS/Include -O0 -ffunction-sections -fdata-sections -Wall -fstack-usage -fcyclomatic-complexity -MMD -MP -MF"Drivers/STM32F4xx_HAL_Driver/Src/stm32f4xx_hal_pwr_ex.d" -MT"Drivers/STM32F4xx_HAL_Driver/Src/stm32f4xx_hal_pwr_ex.o" --specs=nano.specs -mfpu=fpv4-sp-d16 -mfloat-abi=hard -mthumb -o "Drivers/STM32F4xx_HAL_Driver/Src/stm32f4xx_hal_pwr_ex.o"
arm-none-eabi-gcc "../Drivers/STM32F4xx_HAL_Driver/Src/stm32f4xx_hal_rcc.c" -mcpu=cortex-m4 -std=gnu11 -g3 -DDEBUG -DUSE_HAL_DRIVER -DSTM32F407xx -c -I../Core/Inc -I../Drivers/STM32F4xx_HAL_Driver/Inc -I../Drivers/STM32F4xx_HAL_Driver/Inc/Legacy -I../Drivers/CMSIS/Device/ST/STM32F4xx/Include -I../Drivers/CMSIS/Include -O0 -ffunction-sections -fdata-sections -Wall -fstack-usage -fcyclomatic-complexity -MMD -MP -MF"Drivers/STM32F4xx_HAL_Driver/Src/stm32f4xx_hal_rcc.d" -MT"Drivers/STM32F4xx_HAL_Driver/Src/stm32f4xx_hal_rcc.o" --specs=nano.specs -mfpu=fpv4-sp-d16 -mfloat-abi=hard -mthumb -o "Drivers/STM32F4xx_HAL_Driver/Src/stm32f4xx_hal_rcc.o"
arm-none-eabi-gcc "../Drivers/STM32F4xx_HAL_Driver/Src/stm32f4xx_hal_rcc_ex.c" -mcpu=cortex-m4 -std=gnu11 -g3 -DDEBUG -DUSE_HAL_DRIVER -DSTM32F407xx -c -I../Core/Inc -I../Drivers/STM32F4xx_HAL_Driver/Inc -I../Drivers/STM32F4xx_HAL_Driver/Inc/Legacy -I../Drivers/CMSIS/Device/ST/STM32F4xx/Include -I../Drivers/CMSIS/Include -O0 -ffunction-sections -fdata-sections -Wall -fstack-usage -fcyclomatic-complexity -MMD -MP -MF"Drivers/STM32F4xx_HAL_Driver/Src/stm32f4xx_hal_rcc_ex.d" -MT"Drivers/STM32F4xx_HAL_Driver/Src/stm32f4xx_hal_rcc_ex.o" --specs=nano.specs -mfpu=fpv4-sp-d16 -mfloat-abi=hard -mthumb -o "Drivers/STM32F4xx_HAL_Driver/Src/stm32f4xx_hal_rcc_ex.o"
arm-none-eabi-gcc "../Drivers/STM32F4xx_HAL_Driver/Src/stm32f4xx_hal_tim.c" -mcpu=cortex-m4 -std=gnu11 -g3 -DDEBUG -DUSE_HAL_DRIVER -DSTM32F407xx -c -I../Core/Inc -I../Drivers/STM32F4xx_HAL_Driver/Inc -I../Drivers/STM32F4xx_HAL_Driver/Inc/Legacy -I../Drivers/CMSIS/Device/ST/STM32F4xx/Include -I../Drivers/CMSIS/Include -O0 -ffunction-sections -fdata-sections -Wall -fstack-usage -fcyclomatic-complexity -MMD -MP -MF"Drivers/STM32F4xx_HAL_Driver/Src/stm32f4xx_hal_tim.d" -MT"Drivers/STM32F4xx_HAL_Driver/Src/stm32f4xx_hal_tim.o" --specs=nano.specs -mfpu=fpv4-sp-d16 -mfloat-abi=hard -mthumb -o "Drivers/STM32F4xx_HAL_Driver/Src/stm32f4xx_hal_tim.o"
arm-none-eabi-gcc "../Drivers/STM32F4xx_HAL_Driver/Src/stm32f4xx_hal_tim_ex.c" -mcpu=cortex-m4 -std=gnu11 -g3 -DDEBUG -DUSE_HAL_DRIVER -DSTM32F407xx -c -I../Core/Inc -I../Drivers/STM32F4xx_HAL_Driver/Inc -I../Drivers/STM32F4xx_HAL_Driver/Inc/Legacy -I../Drivers/CMSIS/Device/ST/STM32F4xx/Include -I../Drivers/CMSIS/Include -O0 -ffunction-sections -fdata-sections -Wall -fstack-usage -fcyclomatic-complexity -MMD -MP -MF"Drivers/STM32F4xx_HAL_Driver/Src/stm32f4xx_hal_tim_ex.d" -MT"Drivers/STM32F4xx_HAL_Driver/Src/stm32f4xx_hal_tim_ex.o" --specs=nano.specs -mfpu=fpv4-sp-d16 -mfloat-abi=hard -mthumb -o "Drivers/STM32F4xx_HAL_Driver/Src/stm32f4xx_hal_tim_ex.o"
arm-none-eabi-gcc "../Drivers/STM32F4xx_HAL_Driver/Src/stm32f4xx_ll_adc.c" -mcpu=cortex-m4 -std=gnu11 -g3 -DDEBUG -DUSE_HAL_DRIVER -DSTM32F407xx -c -I../Core/Inc -I../Drivers/STM32F4xx_HAL_Driver/Inc -I../Drivers/STM32F4xx_HAL_Driver/Inc/Legacy -I../Drivers/CMSIS/Device/ST/STM32F4xx/Include -I../Drivers/CMSIS/Include -O0 -ffunction-sections -fdata-sections -Wall -fstack-usage -fcyclomatic-complexity -MMD -MP -MF"Drivers/STM32F4xx_HAL_Driver/Src/stm32f4xx_ll_adc.d" -MT"Drivers/STM32F4xx_HAL_Driver/Src/stm32f4xx_ll_adc.o" --specs=nano.specs -mfpu=fpv4-sp-d16 -mfloat-abi=hard -mthumb -o "Drivers/STM32F4xx_HAL_Driver/Src/stm32f4xx_ll_adc.o"
arm-none-eabi-gcc -mcpu=cortex-m4 -g3 -DDEBUG -c -x assembler-with-cpp -MMD -MP -MF"Core/Startup/startup_stm32f407vgtx.d" -MT"Core/Startup/startup_stm32f407vgtx.o" --specs=nano.specs -mfpu=fpv4-sp-d16 -mfloat-abi=hard -mthumb -o "Core/Startup/startup_stm32f407vgtx.o" "../Core/Startup/startup_stm32f407vgtx.s"
arm-none-eabi-gcc "../Core/Src/liquidcrystal_i2c.c" -mcpu=cortex-m4 -std=gnu11 -g3 -DDEBUG -DUSE_HAL_DRIVER -DSTM32F407xx -c -I../Core/Inc -I../Drivers/STM32F4xx_HAL_Driver/Inc -I../Drivers/STM32F4xx_HAL_Driver/Inc/Legacy -I../Drivers/CMSIS/Device/ST/STM32F4xx/Include -I../Drivers/CMSIS/Include -O0 -ffunction-sections -fdata-sections -Wall -fstack-usage -fcyclomatic-complexity -MMD -MP -MF"Core/Src/liquidcrystal_i2c.d" -MT"Core/Src/liquidcrystal_i2c.o" --specs=nano.specs -mfpu=fpv4-sp-d16 -mfloat-abi=hard -mthumb -o "Core/Src/liquidcrystal_i2c.o"
arm-none-eabi-gcc "../Core/Src/main.c" -mcpu=cortex-m4 -std=gnu11 -g3 -DDEBUG -DUSE_HAL_DRIVER -DSTM32F407xx -c -I../Core/Inc -I../Drivers/STM32F4xx_HAL_Driver/Inc -I../Drivers/STM32F4xx_HAL_Driver/Inc/Legacy -I../Drivers/CMSIS/Device/ST/STM32F4xx/Include -I../Drivers/CMSIS/Include -O0 -ffunction-sections -fdata-sections -Wall -fstack-usage -fcyclomatic-complexity -MMD -MP -MF"Core/Src/main.d" -MT"Core/Src/main.o" --specs=nano.specs -mfpu=fpv4-sp-d16 -mfloat-abi=hard -mthumb -o "Core/Src/main.o"
../Core/Src/main.c: In function 'main':
../Core/Src/main.c:343:15: warning: implicit declaration of function 'Show_Last_Two_Alerts' [-Wimplicit-function-declaration]
  343 |               Show_Last_Two_Alerts();
      |               ^~~~~~~~~~~~~~~~~~~~
../Core/Src/main.c: At top level:
../Core/Src/main.c:821:6: warning: conflicting types for 'Show_Last_Two_Alerts'; have 'void(void)'
  821 | void Show_Last_Two_Alerts(void)
      |      ^~~~~~~~~~~~~~~~~~~~
../Core/Src/main.c:343:15: note: previous implicit declaration of 'Show_Last_Two_Alerts' with type 'void(void)'
  343 |               Show_Last_Two_Alerts();
      |               ^~~~~~~~~~~~~~~~~~~~
arm-none-eabi-gcc "../Core/Src/stm32f4xx_hal_msp.c" -mcpu=cortex-m4 -std=gnu11 -g3 -DDEBUG -DUSE_HAL_DRIVER -DSTM32F407xx -c -I../Core/Inc -I../Drivers/STM32F4xx_HAL_Driver/Inc -I../Drivers/STM32F4xx_HAL_Driver/Inc/Legacy -I../Drivers/CMSIS/Device/ST/STM32F4xx/Include -I../Drivers/CMSIS/Include -O0 -ffunction-sections -fdata-sections -Wall -fstack-usage -fcyclomatic-complexity -MMD -MP -MF"Core/Src/stm32f4xx_hal_msp.d" -MT"Core/Src/stm32f4xx_hal_msp.o" --specs=nano.specs -mfpu=fpv4-sp-d16 -mfloat-abi=hard -mthumb -o "Core/Src/stm32f4xx_hal_msp.o"
arm-none-eabi-gcc "../Core/Src/stm32f4xx_it.c" -mcpu=cortex-m4 -std=gnu11 -g3 -DDEBUG -DUSE_HAL_DRIVER -DSTM32F407xx -c -I../Core/Inc -I../Drivers/STM32F4xx_HAL_Driver/Inc -I../Drivers/STM32F4xx_HAL_Driver/Inc/Legacy -I../Drivers/CMSIS/Device/ST/STM32F4xx/Include -I../Drivers/CMSIS/Include -O0 -ffunction-sections -fdata-sections -Wall -fstack-usage -fcyclomatic-complexity -MMD -MP -MF"Core/Src/stm32f4xx_it.d" -MT"Core/Src/stm32f4xx_it.o" --specs=nano.specs -mfpu=fpv4-sp-d16 -mfloat-abi=hard -mthumb -o "Core/Src/stm32f4xx_it.o"
arm-none-eabi-gcc "../Core/Src/syscalls.c" -mcpu=cortex-m4 -std=gnu11 -g3 -DDEBUG -DUSE_HAL_DRIVER -DSTM32F407xx -c -I../Core/Inc -I../Drivers/STM32F4xx_HAL_Driver/Inc -I../Drivers/STM32F4xx_HAL_Driver/Inc/Legacy -I../Drivers/CMSIS/Device/ST/STM32F4xx/Include -I../Drivers/CMSIS/Include -O0 -ffunction-sections -fdata-sections -Wall -fstack-usage -fcyclomatic-complexity -MMD -MP -MF"Core/Src/syscalls.d" -MT"Core/Src/syscalls.o" --specs=nano.specs -mfpu=fpv4-sp-d16 -mfloat-abi=hard -mthumb -o "Core/Src/syscalls.o"
arm-none-eabi-gcc "../Core/Src/sysmem.c" -mcpu=cortex-m4 -std=gnu11 -g3 -DDEBUG -DUSE_HAL_DRIVER -DSTM32F407xx -c -I../Core/Inc -I../Drivers/STM32F4xx_HAL_Driver/Inc -I../Drivers/STM32F4xx_HAL_Driver/Inc/Legacy -I../Drivers/CMSIS/Device/ST/STM32F4xx/Include -I../Drivers/CMSIS/Include -O0 -ffunction-sections -fdata-sections -Wall -fstack-usage -fcyclomatic-complexity -MMD -MP -MF"Core/Src/sysmem.d" -MT"Core/Src/sysmem.o" --specs=nano.specs -mfpu=fpv4-sp-d16 -mfloat-abi=hard -mthumb -o "Core/Src/sysmem.o"
arm-none-eabi-gcc "../Core/Src/system_stm32f4xx.c" -mcpu=cortex-m4 -std=gnu11 -g3 -DDEBUG -DUSE_HAL_DRIVER -DSTM32F407xx -c -I../Core/Inc -I../Drivers/STM32F4xx_HAL_Driver/Inc -I../Drivers/STM32F4xx_HAL_Driver/Inc/Legacy -I../Drivers/CMSIS/Device/ST/STM32F4xx/Include -I../Drivers/CMSIS/Include -O0 -ffunction-sections -fdata-sections -Wall -fstack-usage -fcyclomatic-complexity -MMD -MP -MF"Core/Src/system_stm32f4xx.d" -MT"Core/Src/system_stm32f4xx.o" --specs=nano.specs -mfpu=fpv4-sp-d16 -mfloat-abi=hard -mthumb -o "Core/Src/system_stm32f4xx.o"
arm-none-eabi-gcc -o "Projet_scenario_1.elf" @"objects.list"   -mcpu=cortex-m4 -T"C:\Users\Doublism\Desktop\2222\Projet_scenario_1\STM32F407VGTX_FLASH.ld" --specs=nosys.specs -Wl,-Map="Projet_scenario_1.map" -Wl,--gc-sections -static --specs=nano.specs -mfpu=fpv4-sp-d16 -mfloat-abi=hard -mthumb -u _printf_float -Wl,--start-group -lc -lm -Wl,--end-group
Finished building target: Projet_scenario_1.elf
 
arm-none-eabi-size  Projet_scenario_1.elf 
arm-none-eabi-objdump -h -S Projet_scenario_1.elf  > "Projet_scenario_1.list"
   text	   data	    bss	    dec	    hex	filename
  38556	    492	   2500	  41548	   a24c	Projet_scenario_1.elf
arm-none-eabi-objcopy  -O ihex Projet_scenario_1.elf  "Projet_scenario_1.hex"
Finished building: default.size.stdout
 
Finished building: Projet_scenario_1.hex
 
Finished building: Projet_scenario_1.list
 
02:09:47 **** Incremental Build of configuration Debug for project Projet_scenario_1 ****
make -j4 all 
arm-none-eabi-gcc "../Drivers/STM32F4xx_HAL_Driver/Src/stm32f4xx_hal.c" -mcpu=cortex-m4 -std=gnu11 -g3 -DDEBUG -DUSE_HAL_DRIVER -DSTM32F407xx -c -I../Core/Inc -I../Drivers/STM32F4xx_HAL_Driver/Inc -I../Drivers/STM32F4xx_HAL_Driver/Inc/Legacy -I../Drivers/CMSIS/Device/ST/STM32F4xx/Include -I../Drivers/CMSIS/Include -O0 -ffunction-sections -fdata-sections -Wall -fstack-usage -fcyclomatic-complexity -MMD -MP -MF"Drivers/STM32F4xx_HAL_Driver/Src/stm32f4xx_hal.d" -MT"Drivers/STM32F4xx_HAL_Driver/Src/stm32f4xx_hal.o" --specs=nano.specs -mfpu=fpv4-sp-d16 -mfloat-abi=hard -mthumb -o "Drivers/STM32F4xx_HAL_Driver/Src/stm32f4xx_hal.o"
arm-none-eabi-gcc "../Drivers/STM32F4xx_HAL_Driver/Src/stm32f4xx_hal_adc.c" -mcpu=cortex-m4 -std=gnu11 -g3 -DDEBUG -DUSE_HAL_DRIVER -DSTM32F407xx -c -I../Core/Inc -I../Drivers/STM32F4xx_HAL_Driver/Inc -I../Drivers/STM32F4xx_HAL_Driver/Inc/Legacy -I../Drivers/CMSIS/Device/ST/STM32F4xx/Include -I../Drivers/CMSIS/Include -O0 -ffunction-sections -fdata-sections -Wall -fstack-usage -fcyclomatic-complexity -MMD -MP -MF"Drivers/STM32F4xx_HAL_Driver/Src/stm32f4xx_hal_adc.d" -MT"Drivers/STM32F4xx_HAL_Driver/Src/stm32f4xx_hal_adc.o" --specs=nano.specs -mfpu=fpv4-sp-d16 -mfloat-abi=hard -mthumb -o "Drivers/STM32F4xx_HAL_Driver/Src/stm32f4xx_hal_adc.o"
arm-none-eabi-gcc "../Drivers/STM32F4xx_HAL_Driver/Src/stm32f4xx_hal_adc_ex.c" -mcpu=cortex-m4 -std=gnu11 -g3 -DDEBUG -DUSE_HAL_DRIVER -DSTM32F407xx -c -I../Core/Inc -I../Drivers/STM32F4xx_HAL_Driver/Inc -I../Drivers/STM32F4xx_HAL_Driver/Inc/Legacy -I../Drivers/CMSIS/Device/ST/STM32F4xx/Include -I../Drivers/CMSIS/Include -O0 -ffunction-sections -fdata-sections -Wall -fstack-usage -fcyclomatic-complexity -MMD -MP -MF"Drivers/STM32F4xx_HAL_Driver/Src/stm32f4xx_hal_adc_ex.d" -MT"Drivers/STM32F4xx_HAL_Driver/Src/stm32f4xx_hal_adc_ex.o" --specs=nano.specs -mfpu=fpv4-sp-d16 -mfloat-abi=hard -mthumb -o "Drivers/STM32F4xx_HAL_Driver/Src/stm32f4xx_hal_adc_ex.o"
arm-none-eabi-gcc "../Drivers/STM32F4xx_HAL_Driver/Src/stm32f4xx_hal_cortex.c" -mcpu=cortex-m4 -std=gnu11 -g3 -DDEBUG -DUSE_HAL_DRIVER -DSTM32F407xx -c -I../Core/Inc -I../Drivers/STM32F4xx_HAL_Driver/Inc -I../Drivers/STM32F4xx_HAL_Driver/Inc/Legacy -I../Drivers/CMSIS/Device/ST/STM32F4xx/Include -I../Drivers/CMSIS/Include -O0 -ffunction-sections -fdata-sections -Wall -fstack-usage -fcyclomatic-complexity -MMD -MP -MF"Drivers/STM32F4xx_HAL_Driver/Src/stm32f4xx_hal_cortex.d" -MT"Drivers/STM32F4xx_HAL_Driver/Src/stm32f4xx_hal_cortex.o" --specs=nano.specs -mfpu=fpv4-sp-d16 -mfloat-abi=hard -mthumb -o "Drivers/STM32F4xx_HAL_Driver/Src/stm32f4xx_hal_cortex.o"
arm-none-eabi-gcc "../Drivers/STM32F4xx_HAL_Driver/Src/stm32f4xx_hal_dma.c" -mcpu=cortex-m4 -std=gnu11 -g3 -DDEBUG -DUSE_HAL_DRIVER -DSTM32F407xx -c -I../Core/Inc -I../Drivers/STM32F4xx_HAL_Driver/Inc -I../Drivers/STM32F4xx_HAL_Driver/Inc/Legacy -I../Drivers/CMSIS/Device/ST/STM32F4xx/Include -I../Drivers/CMSIS/Include -O0 -ffunction-sections -fdata-sections -Wall -fstack-usage -fcyclomatic-complexity -MMD -MP -MF"Drivers/STM32F4xx_HAL_Driver/Src/stm32f4xx_hal_dma.d" -MT"Drivers/STM32F4xx_HAL_Driver/Src/stm32f4xx_hal_dma.o" --specs=nano.specs -mfpu=fpv4-sp-d16 -mfloat-abi=hard -mthumb -o "Drivers/STM32F4xx_HAL_Driver/Src/stm32f4xx_hal_dma.o"
arm-none-eabi-gcc "../Drivers/STM32F4xx_HAL_Driver/Src/stm32f4xx_hal_dma_ex.c" -mcpu=cortex-m4 -std=gnu11 -g3 -DDEBUG -DUSE_HAL_DRIVER -DSTM32F407xx -c -I../Core/Inc -I../Drivers/STM32F4xx_HAL_Driver/Inc -I../Drivers/STM32F4xx_HAL_Driver/Inc/Legacy -I../Drivers/CMSIS/Device/ST/STM32F4xx/Include -I../Drivers/CMSIS/Include -O0 -ffunction-sections -fdata-sections -Wall -fstack-usage -fcyclomatic-complexity -MMD -MP -MF"Drivers/STM32F4xx_HAL_Driver/Src/stm32f4xx_hal_dma_ex.d" -MT"Drivers/STM32F4xx_HAL_Driver/Src/stm32f4xx_hal_dma_ex.o" --specs=nano.specs -mfpu=fpv4-sp-d16 -mfloat-abi=hard -mthumb -o "Drivers/STM32F4xx_HAL_Driver/Src/stm32f4xx_hal_dma_ex.o"
arm-none-eabi-gcc "../Drivers/STM32F4xx_HAL_Driver/Src/stm32f4xx_hal_exti.c" -mcpu=cortex-m4 -std=gnu11 -g3 -DDEBUG -DUSE_HAL_DRIVER -DSTM32F407xx -c -I../Core/Inc -I../Drivers/STM32F4xx_HAL_Driver/Inc -I../Drivers/STM32F4xx_HAL_Driver/Inc/Legacy -I../Drivers/CMSIS/Device/ST/STM32F4xx/Include -I../Drivers/CMSIS/Include -O0 -ffunction-sections -fdata-sections -Wall -fstack-usage -fcyclomatic-complexity -MMD -MP -MF"Drivers/STM32F4xx_HAL_Driver/Src/stm32f4xx_hal_exti.d" -MT"Drivers/STM32F4xx_HAL_Driver/Src/stm32f4xx_hal_exti.o" --specs=nano.specs -mfpu=fpv4-sp-d16 -mfloat-abi=hard -mthumb -o "Drivers/STM32F4xx_HAL_Driver/Src/stm32f4xx_hal_exti.o"
arm-none-eabi-gcc "../Drivers/STM32F4xx_HAL_Driver/Src/stm32f4xx_hal_flash.c" -mcpu=cortex-m4 -std=gnu11 -g3 -DDEBUG -DUSE_HAL_DRIVER -DSTM32F407xx -c -I../Core/Inc -I../Drivers/STM32F4xx_HAL_Driver/Inc -I../Drivers/STM32F4xx_HAL_Driver/Inc/Legacy -I../Drivers/CMSIS/Device/ST/STM32F4xx/Include -I../Drivers/CMSIS/Include -O0 -ffunction-sections -fdata-sections -Wall -fstack-usage -fcyclomatic-complexity -MMD -MP -MF"Drivers/STM32F4xx_HAL_Driver/Src/stm32f4xx_hal_flash.d" -MT"Drivers/STM32F4xx_HAL_Driver/Src/stm32f4xx_hal_flash.o" --specs=nano.specs -mfpu=fpv4-sp-d16 -mfloat-abi=hard -mthumb -o "Drivers/STM32F4xx_HAL_Driver/Src/stm32f4xx_hal_flash.o"
arm-none-eabi-gcc "../Drivers/STM32F4xx_HAL_Driver/Src/stm32f4xx_hal_flash_ex.c" -mcpu=cortex-m4 -std=gnu11 -g3 -DDEBUG -DUSE_HAL_DRIVER -DSTM32F407xx -c -I../Core/Inc -I../Drivers/STM32F4xx_HAL_Driver/Inc -I../Drivers/STM32F4xx_HAL_Driver/Inc/Legacy -I../Drivers/CMSIS/Device/ST/STM32F4xx/Include -I../Drivers/CMSIS/Include -O0 -ffunction-sections -fdata-sections -Wall -fstack-usage -fcyclomatic-complexity -MMD -MP -MF"Drivers/STM32F4xx_HAL_Driver/Src/stm32f4xx_hal_flash_ex.d" -MT"Drivers/STM32F4xx_HAL_Driver/Src/stm32f4xx_hal_flash_ex.o" --specs=nano.specs -mfpu=fpv4-sp-d16 -mfloat-abi=hard -mthumb -o "Drivers/STM32F4xx_HAL_Driver/Src/stm32f4xx_hal_flash_ex.o"
arm-none-eabi-gcc "../Drivers/STM32F4xx_HAL_Driver/Src/stm32f4xx_hal_flash_ramfunc.c" -mcpu=cortex-m4 -std=gnu11 -g3 -DDEBUG -DUSE_HAL_DRIVER -DSTM32F407xx -c -I../Core/Inc -I../Drivers/STM32F4xx_HAL_Driver/Inc -I../Drivers/STM32F4xx_HAL_Driver/Inc/Legacy -I../Drivers/CMSIS/Device/ST/STM32F4xx/Include -I../Drivers/CMSIS/Include -O0 -ffunction-sections -fdata-sections -Wall -fstack-usage -fcyclomatic-complexity -MMD -MP -MF"Drivers/STM32F4xx_HAL_Driver/Src/stm32f4xx_hal_flash_ramfunc.d" -MT"Drivers/STM32F4xx_HAL_Driver/Src/stm32f4xx_hal_flash_ramfunc.o" --specs=nano.specs -mfpu=fpv4-sp-d16 -mfloat-abi=hard -mthumb -o "Drivers/STM32F4xx_HAL_Driver/Src/stm32f4xx_hal_flash_ramfunc.o"
arm-none-eabi-gcc "../Drivers/STM32F4xx_HAL_Driver/Src/stm32f4xx_hal_gpio.c" -mcpu=cortex-m4 -std=gnu11 -g3 -DDEBUG -DUSE_HAL_DRIVER -DSTM32F407xx -c -I../Core/Inc -I../Drivers/STM32F4xx_HAL_Driver/Inc -I../Drivers/STM32F4xx_HAL_Driver/Inc/Legacy -I../Drivers/CMSIS/Device/ST/STM32F4xx/Include -I../Drivers/CMSIS/Include -O0 -ffunction-sections -fdata-sections -Wall -fstack-usage -fcyclomatic-complexity -MMD -MP -MF"Drivers/STM32F4xx_HAL_Driver/Src/stm32f4xx_hal_gpio.d" -MT"Drivers/STM32F4xx_HAL_Driver/Src/stm32f4xx_hal_gpio.o" --specs=nano.specs -mfpu=fpv4-sp-d16 -mfloat-abi=hard -mthumb -o "Drivers/STM32F4xx_HAL_Driver/Src/stm32f4xx_hal_gpio.o"
arm-none-eabi-gcc "../Drivers/STM32F4xx_HAL_Driver/Src/stm32f4xx_hal_i2c.c" -mcpu=cortex-m4 -std=gnu11 -g3 -DDEBUG -DUSE_HAL_DRIVER -DSTM32F407xx -c -I../Core/Inc -I../Drivers/STM32F4xx_HAL_Driver/Inc -I../Drivers/STM32F4xx_HAL_Driver/Inc/Legacy -I../Drivers/CMSIS/Device/ST/STM32F4xx/Include -I../Drivers/CMSIS/Include -O0 -ffunction-sections -fdata-sections -Wall -fstack-usage -fcyclomatic-complexity -MMD -MP -MF"Drivers/STM32F4xx_HAL_Driver/Src/stm32f4xx_hal_i2c.d" -MT"Drivers/STM32F4xx_HAL_Driver/Src/stm32f4xx_hal_i2c.o" --specs=nano.specs -mfpu=fpv4-sp-d16 -mfloat-abi=hard -mthumb -o "Drivers/STM32F4xx_HAL_Driver/Src/stm32f4xx_hal_i2c.o"
arm-none-eabi-gcc "../Drivers/STM32F4xx_HAL_Driver/Src/stm32f4xx_hal_i2c_ex.c" -mcpu=cortex-m4 -std=gnu11 -g3 -DDEBUG -DUSE_HAL_DRIVER -DSTM32F407xx -c -I../Core/Inc -I../Drivers/STM32F4xx_HAL_Driver/Inc -I../Drivers/STM32F4xx_HAL_Driver/Inc/Legacy -I../Drivers/CMSIS/Device/ST/STM32F4xx/Include -I../Drivers/CMSIS/Include -O0 -ffunction-sections -fdata-sections -Wall -fstack-usage -fcyclomatic-complexity -MMD -MP -MF"Drivers/STM32F4xx_HAL_Driver/Src/stm32f4xx_hal_i2c_ex.d" -MT"Drivers/STM32F4xx_HAL_Driver/Src/stm32f4xx_hal_i2c_ex.o" --specs=nano.specs -mfpu=fpv4-sp-d16 -mfloat-abi=hard -mthumb -o "Drivers/STM32F4xx_HAL_Driver/Src/stm32f4xx_hal_i2c_ex.o"
arm-none-eabi-gcc "../Drivers/STM32F4xx_HAL_Driver/Src/stm32f4xx_hal_pwr.c" -mcpu=cortex-m4 -std=gnu11 -g3 -DDEBUG -DUSE_HAL_DRIVER -DSTM32F407xx -c -I../Core/Inc -I../Drivers/STM32F4xx_HAL_Driver/Inc -I../Drivers/STM32F4xx_HAL_Driver/Inc/Legacy -I../Drivers/CMSIS/Device/ST/STM32F4xx/Include -I../Drivers/CMSIS/Include -O0 -ffunction-sections -fdata-sections -Wall -fstack-usage -fcyclomatic-complexity -MMD -MP -MF"Drivers/STM32F4xx_HAL_Driver/Src/stm32f4xx_hal_pwr.d" -MT"Drivers/STM32F4xx_HAL_Driver/Src/stm32f4xx_hal_pwr.o" --specs=nano.specs -mfpu=fpv4-sp-d16 -mfloat-abi=hard -mthumb -o "Drivers/STM32F4xx_HAL_Driver/Src/stm32f4xx_hal_pwr.o"
arm-none-eabi-gcc "../Drivers/STM32F4xx_HAL_Driver/Src/stm32f4xx_hal_pwr_ex.c" -mcpu=cortex-m4 -std=gnu11 -g3 -DDEBUG -DUSE_HAL_DRIVER -DSTM32F407xx -c -I../Core/Inc -I../Drivers/STM32F4xx_HAL_Driver/Inc -I../Drivers/STM32F4xx_HAL_Driver/Inc/Legacy -I../Drivers/CMSIS/Device/ST/STM32F4xx/Include -I../Drivers/CMSIS/Include -O0 -ffunction-sections -fdata-sections -Wall -fstack-usage -fcyclomatic-complexity -MMD -MP -MF"Drivers/STM32F4xx_HAL_Driver/Src/stm32f4xx_hal_pwr_ex.d" -MT"Drivers/STM32F4xx_HAL_Driver/Src/stm32f4xx_hal_pwr_ex.o" --specs=nano.specs -mfpu=fpv4-sp-d16 -mfloat-abi=hard -mthumb -o "Drivers/STM32F4xx_HAL_Driver/Src/stm32f4xx_hal_pwr_ex.o"
arm-none-eabi-gcc "../Drivers/STM32F4xx_HAL_Driver/Src/stm32f4xx_hal_rcc.c" -mcpu=cortex-m4 -std=gnu11 -g3 -DDEBUG -DUSE_HAL_DRIVER -DSTM32F407xx -c -I../Core/Inc -I../Drivers/STM32F4xx_HAL_Driver/Inc -I../Drivers/STM32F4xx_HAL_Driver/Inc/Legacy -I../Drivers/CMSIS/Device/ST/STM32F4xx/Include -I../Drivers/CMSIS/Include -O0 -ffunction-sections -fdata-sections -Wall -fstack-usage -fcyclomatic-complexity -MMD -MP -MF"Drivers/STM32F4xx_HAL_Driver/Src/stm32f4xx_hal_rcc.d" -MT"Drivers/STM32F4xx_HAL_Driver/Src/stm32f4xx_hal_rcc.o" --specs=nano.specs -mfpu=fpv4-sp-d16 -mfloat-abi=hard -mthumb -o "Drivers/STM32F4xx_HAL_Driver/Src/stm32f4xx_hal_rcc.o"
arm-none-eabi-gcc "../Drivers/STM32F4xx_HAL_Driver/Src/stm32f4xx_hal_rcc_ex.c" -mcpu=cortex-m4 -std=gnu11 -g3 -DDEBUG -DUSE_HAL_DRIVER -DSTM32F407xx -c -I../Core/Inc -I../Drivers/STM32F4xx_HAL_Driver/Inc -I../Drivers/STM32F4xx_HAL_Driver/Inc/Legacy -I../Drivers/CMSIS/Device/ST/STM32F4xx/Include -I../Drivers/CMSIS/Include -O0 -ffunction-sections -fdata-sections -Wall -fstack-usage -fcyclomatic-complexity -MMD -MP -MF"Drivers/STM32F4xx_HAL_Driver/Src/stm32f4xx_hal_rcc_ex.d" -MT"Drivers/STM32F4xx_HAL_Driver/Src/stm32f4xx_hal_rcc_ex.o" --specs=nano.specs -mfpu=fpv4-sp-d16 -mfloat-abi=hard -mthumb -o "Drivers/STM32F4xx_HAL_Driver/Src/stm32f4xx_hal_rcc_ex.o"
arm-none-eabi-gcc "../Drivers/STM32F4xx_HAL_Driver/Src/stm32f4xx_hal_tim.c" -mcpu=cortex-m4 -std=gnu11 -g3 -DDEBUG -DUSE_HAL_DRIVER -DSTM32F407xx -c -I../Core/Inc -I../Drivers/STM32F4xx_HAL_Driver/Inc -I../Drivers/STM32F4xx_HAL_Driver/Inc/Legacy -I../Drivers/CMSIS/Device/ST/STM32F4xx/Include -I../Drivers/CMSIS/Include -O0 -ffunction-sections -fdata-sections -Wall -fstack-usage -fcyclomatic-complexity -MMD -MP -MF"Drivers/STM32F4xx_HAL_Driver/Src/stm32f4xx_hal_tim.d" -MT"Drivers/STM32F4xx_HAL_Driver/Src/stm32f4xx_hal_tim.o" --specs=nano.specs -mfpu=fpv4-sp-d16 -mfloat-abi=hard -mthumb -o "Drivers/STM32F4xx_HAL_Driver/Src/stm32f4xx_hal_tim.o"
arm-none-eabi-gcc "../Drivers/STM32F4xx_HAL_Driver/Src/stm32f4xx_hal_tim_ex.c" -mcpu=cortex-m4 -std=gnu11 -g3 -DDEBUG -DUSE_HAL_DRIVER -DSTM32F407xx -c -I../Core/Inc -I../Drivers/STM32F4xx_HAL_Driver/Inc -I../Drivers/STM32F4xx_HAL_Driver/Inc/Legacy -I../Drivers/CMSIS/Device/ST/STM32F4xx/Include -I../Drivers/CMSIS/Include -O0 -ffunction-sections -fdata-sections -Wall -fstack-usage -fcyclomatic-complexity -MMD -MP -MF"Drivers/STM32F4xx_HAL_Driver/Src/stm32f4xx_hal_tim_ex.d" -MT"Drivers/STM32F4xx_HAL_Driver/Src/stm32f4xx_hal_tim_ex.o" --specs=nano.specs -mfpu=fpv4-sp-d16 -mfloat-abi=hard -mthumb -o "Drivers/STM32F4xx_HAL_Driver/Src/stm32f4xx_hal_tim_ex.o"
arm-none-eabi-gcc "../Drivers/STM32F4xx_HAL_Driver/Src/stm32f4xx_ll_adc.c" -mcpu=cortex-m4 -std=gnu11 -g3 -DDEBUG -DUSE_HAL_DRIVER -DSTM32F407xx -c -I../Core/Inc -I../Drivers/STM32F4xx_HAL_Driver/Inc -I../Drivers/STM32F4xx_HAL_Driver/Inc/Legacy -I../Drivers/CMSIS/Device/ST/STM32F4xx/Include -I../Drivers/CMSIS/Include -O0 -ffunction-sections -fdata-sections -Wall -fstack-usage -fcyclomatic-complexity -MMD -MP -MF"Drivers/STM32F4xx_HAL_Driver/Src/stm32f4xx_ll_adc.d" -MT"Drivers/STM32F4xx_HAL_Driver/Src/stm32f4xx_ll_adc.o" --specs=nano.specs -mfpu=fpv4-sp-d16 -mfloat-abi=hard -mthumb -o "Drivers/STM32F4xx_HAL_Driver/Src/stm32f4xx_ll_adc.o"
arm-none-eabi-gcc "../Core/Src/liquidcrystal_i2c.c" -mcpu=cortex-m4 -std=gnu11 -g3 -DDEBUG -DUSE_HAL_DRIVER -DSTM32F407xx -c -I../Core/Inc -I../Drivers/STM32F4xx_HAL_Driver/Inc -I../Drivers/STM32F4xx_HAL_Driver/Inc/Legacy -I../Drivers/CMSIS/Device/ST/STM32F4xx/Include -I../Drivers/CMSIS/Include -O0 -ffunction-sections -fdata-sections -Wall -fstack-usage -fcyclomatic-complexity -MMD -MP -MF"Core/Src/liquidcrystal_i2c.d" -MT"Core/Src/liquidcrystal_i2c.o" --specs=nano.specs -mfpu=fpv4-sp-d16 -mfloat-abi=hard -mthumb -o "Core/Src/liquidcrystal_i2c.o"
arm-none-eabi-gcc "../Core/Src/main.c" -mcpu=cortex-m4 -std=gnu11 -g3 -DDEBUG -DUSE_HAL_DRIVER -DSTM32F407xx -c -I../Core/Inc -I../Drivers/STM32F4xx_HAL_Driver/Inc -I../Drivers/STM32F4xx_HAL_Driver/Inc/Legacy -I../Drivers/CMSIS/Device/ST/STM32F4xx/Include -I../Drivers/CMSIS/Include -O0 -ffunction-sections -fdata-sections -Wall -fstack-usage -fcyclomatic-complexity -MMD -MP -MF"Core/Src/main.d" -MT"Core/Src/main.o" --specs=nano.specs -mfpu=fpv4-sp-d16 -mfloat-abi=hard -mthumb -o "Core/Src/main.o"
arm-none-eabi-gcc "../Core/Src/stm32f4xx_hal_msp.c" -mcpu=cortex-m4 -std=gnu11 -g3 -DDEBUG -DUSE_HAL_DRIVER -DSTM32F407xx -c -I../Core/Inc -I../Drivers/STM32F4xx_HAL_Driver/Inc -I../Drivers/STM32F4xx_HAL_Driver/Inc/Legacy -I../Drivers/CMSIS/Device/ST/STM32F4xx/Include -I../Drivers/CMSIS/Include -O0 -ffunction-sections -fdata-sections -Wall -fstack-usage -fcyclomatic-complexity -MMD -MP -MF"Core/Src/stm32f4xx_hal_msp.d" -MT"Core/Src/stm32f4xx_hal_msp.o" --specs=nano.specs -mfpu=fpv4-sp-d16 -mfloat-abi=hard -mthumb -o "Core/Src/stm32f4xx_hal_msp.o"
arm-none-eabi-gcc "../Core/Src/stm32f4xx_it.c" -mcpu=cortex-m4 -std=gnu11 -g3 -DDEBUG -DUSE_HAL_DRIVER -DSTM32F407xx -c -I../Core/Inc -I../Drivers/STM32F4xx_HAL_Driver/Inc -I../Drivers/STM32F4xx_HAL_Driver/Inc/Legacy -I../Drivers/CMSIS/Device/ST/STM32F4xx/Include -I../Drivers/CMSIS/Include -O0 -ffunction-sections -fdata-sections -Wall -fstack-usage -fcyclomatic-complexity -MMD -MP -MF"Core/Src/stm32f4xx_it.d" -MT"Core/Src/stm32f4xx_it.o" --specs=nano.specs -mfpu=fpv4-sp-d16 -mfloat-abi=hard -mthumb -o "Core/Src/stm32f4xx_it.o"
../Core/Src/main.c:70:1: error: unknown type name 'ModeLuminosite'
   70 | ModeLuminosite currentMode = MODE_JOUR;
      | ^~~~~~~~~~~~~~
../Core/Src/main.c:70:30: error: 'MODE_JOUR' undeclared here (not in a function)
   70 | ModeLuminosite currentMode = MODE_JOUR;
      |                              ^~~~~~~~~
../Core/Src/main.c: In function 'HAL_GPIO_EXTI_Callback':
../Core/Src/main.c:147:27: error: 'MODE_NUIT' undeclared (first use in this function); did you mean 'MODE_INPUT'?
  147 |             currentMode = MODE_NUIT;
      |                           ^~~~~~~~~
      |                           MODE_INPUT
../Core/Src/main.c:147:27: note: each undeclared identifier is reported only once for each function it appears in
../Core/Src/main.c: In function 'HAL_ADC_ConvCpltCallback':
../Core/Src/main.c:210:88: warning: format '%f' expects argument of type 'double', but argument 4 has type 'int' [-Wformat=]
  210 |                 {                                       snprintf(line1, 17, "moist: %.1fC", ras);
      |                                                                                     ~~~^    ~~~
      |                                                                                        |    |
      |                                                                                        |    int
      |                                                                                        double
      |                                                                                     %.1d
../Core/Src/main.c:238:43: warning: format '%f' expects argument of type 'double', but argument 4 has type 'int *' [-Wformat=]
  238 |             snprintf(line2, 17, "soil: %.1fC", soilbuff);
      |                                        ~~~^    ~~~~~~~~
      |                                           |    |
      |                                           |    int *
      |                                           double
      |                                        %.1ls
../Core/Src/main.c: At top level:
../Core/Src/main.c:257:6: error: redefinition of 'HAL_GPIO_EXTI_Callback'
  257 | void HAL_GPIO_EXTI_Callback(uint16_t GPIO_Pin)
      |      ^~~~~~~~~~~~~~~~~~~~~~
../Core/Src/main.c:99:6: note: previous definition of 'HAL_GPIO_EXTI_Callback' with type 'void(uint16_t)' {aka 'void(short unsigned int)'}
   99 | void HAL_GPIO_EXTI_Callback(uint16_t GPIO_Pin)
      |      ^~~~~~~~~~~~~~~~~~~~~~
../Core/Src/main.c: In function 'HAL_GPIO_EXTI_Callback':
../Core/Src/main.c:305:27: error: 'MODE_NUIT' undeclared (first use in this function); did you mean 'MODE_INPUT'?
  305 |             currentMode = MODE_NUIT;
      |                           ^~~~~~~~~
      |                           MODE_INPUT
../Core/Src/main.c: At top level:
../Core/Src/main.c:357:6: error: redefinition of 'HAL_TIM_PeriodElapsedCallback'
  357 | void HAL_TIM_PeriodElapsedCallback(TIM_HandleTypeDef *htim)
      |      ^~~~~~~~~~~~~~~~~~~~~~~~~~~~~
../Core/Src/main.c:165:6: note: previous definition of 'HAL_TIM_PeriodElapsedCallback' with type 'void(TIM_HandleTypeDef *)'
  165 | void HAL_TIM_PeriodElapsedCallback(TIM_HandleTypeDef *htim)
      |      ^~~~~~~~~~~~~~~~~~~~~~~~~~~~~
../Core/Src/main.c:378:6: error: redefinition of 'HAL_ADC_ConvCpltCallback'
  378 | void HAL_ADC_ConvCpltCallback(ADC_HandleTypeDef* hadc)
      |      ^~~~~~~~~~~~~~~~~~~~~~~~
../Core/Src/main.c:187:6: note: previous definition of 'HAL_ADC_ConvCpltCallback' with type 'void(ADC_HandleTypeDef *)'
  187 | void HAL_ADC_ConvCpltCallback(ADC_HandleTypeDef* hadc)
      |      ^~~~~~~~~~~~~~~~~~~~~~~~
../Core/Src/main.c: In function 'main':
../Core/Src/main.c:499:15: warning: implicit declaration of function 'Show_Last_Two_Alerts' [-Wimplicit-function-declaration]
  499 |               Show_Last_Two_Alerts();
      |               ^~~~~~~~~~~~~~~~~~~~
../Core/Src/main.c: At top level:
../Core/Src/main.c:1032:6: warning: conflicting types for 'Show_Last_Two_Alerts'; have 'void(void)'
 1032 | void Show_Last_Two_Alerts(void)
      |      ^~~~~~~~~~~~~~~~~~~~
../Core/Src/main.c:499:15: note: previous implicit declaration of 'Show_Last_Two_Alerts' with type 'void(void)'
  499 |               Show_Last_Two_Alerts();
      |               ^~~~~~~~~~~~~~~~~~~~
arm-none-eabi-gcc "../Core/Src/system_stm32f4xx.c" -mcpu=cortex-m4 -std=gnu11 -g3 -DDEBUG -DUSE_HAL_DRIVER -DSTM32F407xx -c -I../Core/Inc -I../Drivers/STM32F4xx_HAL_Driver/Inc -I../Drivers/STM32F4xx_HAL_Driver/Inc/Legacy -I../Drivers/CMSIS/Device/ST/STM32F4xx/Include -I../Drivers/CMSIS/Include -O0 -ffunction-sections -fdata-sections -Wall -fstack-usage -fcyclomatic-complexity -MMD -MP -MF"Core/Src/system_stm32f4xx.d" -MT"Core/Src/system_stm32f4xx.o" --specs=nano.specs -mfpu=fpv4-sp-d16 -mfloat-abi=hard -mthumb -o "Core/Src/system_stm32f4xx.o"
make: *** [Core/Src/subdir.mk:37: Core/Src/main.o] Error 1
make: *** Waiting for unfinished jobs....
"make -j4 all" terminated with exit code 2. Build might be incomplete.
02:10:55 **** Incremental Build of configuration Debug for project Projet_scenario_1 ****
make -j4 all 
arm-none-eabi-gcc "../Core/Src/main.c" -mcpu=cortex-m4 -std=gnu11 -g3 -DDEBUG -DUSE_HAL_DRIVER -DSTM32F407xx -c -I../Core/Inc -I../Drivers/STM32F4xx_HAL_Driver/Inc -I../Drivers/STM32F4xx_HAL_Driver/Inc/Legacy -I../Drivers/CMSIS/Device/ST/STM32F4xx/Include -I../Drivers/CMSIS/Include -O0 -ffunction-sections -fdata-sections -Wall -fstack-usage -fcyclomatic-complexity -MMD -MP -MF"Core/Src/main.d" -MT"Core/Src/main.o" --specs=nano.specs -mfpu=fpv4-sp-d16 -mfloat-abi=hard -mthumb -o "Core/Src/main.o"
../Core/Src/main.c:70:1: error: unknown type name 'ModeLuminosite'
   70 | ModeLuminosite currentMode = MODE_JOUR;
      | ^~~~~~~~~~~~~~
../Core/Src/main.c:70:30: error: 'MODE_JOUR' undeclared here (not in a function)
   70 | ModeLuminosite currentMode = MODE_JOUR;
      |                              ^~~~~~~~~
../Core/Src/main.c: In function 'HAL_GPIO_EXTI_Callback':
../Core/Src/main.c:147:27: error: 'MODE_NUIT' undeclared (first use in this function); did you mean 'MODE_INPUT'?
  147 |             currentMode = MODE_NUIT;
      |                           ^~~~~~~~~
      |                           MODE_INPUT
../Core/Src/main.c:147:27: note: each undeclared identifier is reported only once for each function it appears in
../Core/Src/main.c: In function 'HAL_ADC_ConvCpltCallback':
../Core/Src/main.c:210:88: warning: format '%f' expects argument of type 'double', but argument 4 has type 'int' [-Wformat=]
  210 |                 {                                       snprintf(line1, 17, "moist: %.1fC", ras);
      |                                                                                     ~~~^    ~~~
      |                                                                                        |    |
      |                                                                                        |    int
      |                                                                                        double
      |                                                                                     %.1d
../Core/Src/main.c:238:43: warning: format '%f' expects argument of type 'double', but argument 4 has type 'int *' [-Wformat=]
  238 |             snprintf(line2, 17, "soil: %.1fC", soilbuff);
      |                                        ~~~^    ~~~~~~~~
      |                                           |    |
      |                                           |    int *
      |                                           double
      |                                        %.1ls
../Core/Src/main.c: At top level:
../Core/Src/main.c:257:6: error: redefinition of 'HAL_GPIO_EXTI_Callback'
  257 | void HAL_GPIO_EXTI_Callback(uint16_t GPIO_Pin)
      |      ^~~~~~~~~~~~~~~~~~~~~~
../Core/Src/main.c:99:6: note: previous definition of 'HAL_GPIO_EXTI_Callback' with type 'void(uint16_t)' {aka 'void(short unsigned int)'}
   99 | void HAL_GPIO_EXTI_Callback(uint16_t GPIO_Pin)
      |      ^~~~~~~~~~~~~~~~~~~~~~
../Core/Src/main.c: In function 'HAL_GPIO_EXTI_Callback':
../Core/Src/main.c:305:27: error: 'MODE_NUIT' undeclared (first use in this function); did you mean 'MODE_INPUT'?
  305 |             currentMode = MODE_NUIT;
      |                           ^~~~~~~~~
      |                           MODE_INPUT
../Core/Src/main.c: At top level:
../Core/Src/main.c:357:6: error: redefinition of 'HAL_TIM_PeriodElapsedCallback'
  357 | void HAL_TIM_PeriodElapsedCallback(TIM_HandleTypeDef *htim)
      |      ^~~~~~~~~~~~~~~~~~~~~~~~~~~~~
../Core/Src/main.c:165:6: note: previous definition of 'HAL_TIM_PeriodElapsedCallback' with type 'void(TIM_HandleTypeDef *)'
  165 | void HAL_TIM_PeriodElapsedCallback(TIM_HandleTypeDef *htim)
      |      ^~~~~~~~~~~~~~~~~~~~~~~~~~~~~
../Core/Src/main.c: In function 'main':
../Core/Src/main.c:447:15: warning: implicit declaration of function 'Show_Last_Two_Alerts' [-Wimplicit-function-declaration]
  447 |               Show_Last_Two_Alerts();
      |               ^~~~~~~~~~~~~~~~~~~~
../Core/Src/main.c: At top level:
../Core/Src/main.c:980:6: warning: conflicting types for 'Show_Last_Two_Alerts'; have 'void(void)'
  980 | void Show_Last_Two_Alerts(void)
      |      ^~~~~~~~~~~~~~~~~~~~
../Core/Src/main.c:447:15: note: previous implicit declaration of 'Show_Last_Two_Alerts' with type 'void(void)'
  447 |               Show_Last_Two_Alerts();
      |               ^~~~~~~~~~~~~~~~~~~~
make: *** [Core/Src/subdir.mk:37: Core/Src/main.o] Error 1
"make -j4 all" terminated with exit code 2. Build might be incomplete.
02:11:26 **** Incremental Build of configuration Debug for project Projet_scenario_1 ****
make -j4 all 
arm-none-eabi-gcc "../Core/Src/main.c" -mcpu=cortex-m4 -std=gnu11 -g3 -DDEBUG -DUSE_HAL_DRIVER -DSTM32F407xx -c -I../Core/Inc -I../Drivers/STM32F4xx_HAL_Driver/Inc -I../Drivers/STM32F4xx_HAL_Driver/Inc/Legacy -I../Drivers/CMSIS/Device/ST/STM32F4xx/Include -I../Drivers/CMSIS/Include -O0 -ffunction-sections -fdata-sections -Wall -fstack-usage -fcyclomatic-complexity -MMD -MP -MF"Core/Src/main.d" -MT"Core/Src/main.o" --specs=nano.specs -mfpu=fpv4-sp-d16 -mfloat-abi=hard -mthumb -o "Core/Src/main.o"
../Core/Src/main.c:70:1: error: unknown type name 'ModeLuminosite'
   70 | ModeLuminosite currentMode = MODE_JOUR;
      | ^~~~~~~~~~~~~~
../Core/Src/main.c:70:30: error: 'MODE_JOUR' undeclared here (not in a function)
   70 | ModeLuminosite currentMode = MODE_JOUR;
      |                              ^~~~~~~~~
../Core/Src/main.c: In function 'HAL_GPIO_EXTI_Callback':
../Core/Src/main.c:147:27: error: 'MODE_NUIT' undeclared (first use in this function); did you mean 'MODE_INPUT'?
  147 |             currentMode = MODE_NUIT;
      |                           ^~~~~~~~~
      |                           MODE_INPUT
../Core/Src/main.c:147:27: note: each undeclared identifier is reported only once for each function it appears in
../Core/Src/main.c: In function 'HAL_ADC_ConvCpltCallback':
../Core/Src/main.c:210:88: warning: format '%f' expects argument of type 'double', but argument 4 has type 'int' [-Wformat=]
  210 |                 {                                       snprintf(line1, 17, "moist: %.1fC", ras);
      |                                                                                     ~~~^    ~~~
      |                                                                                        |    |
      |                                                                                        |    int
      |                                                                                        double
      |                                                                                     %.1d
../Core/Src/main.c:238:43: warning: format '%f' expects argument of type 'double', but argument 4 has type 'int *' [-Wformat=]
  238 |             snprintf(line2, 17, "soil: %.1fC", soilbuff);
      |                                        ~~~^    ~~~~~~~~
      |                                           |    |
      |                                           |    int *
      |                                           double
      |                                        %.1ls
../Core/Src/main.c: At top level:
../Core/Src/main.c:257:6: error: redefinition of 'HAL_GPIO_EXTI_Callback'
  257 | void HAL_GPIO_EXTI_Callback(uint16_t GPIO_Pin)
      |      ^~~~~~~~~~~~~~~~~~~~~~
../Core/Src/main.c:99:6: note: previous definition of 'HAL_GPIO_EXTI_Callback' with type 'void(uint16_t)' {aka 'void(short unsigned int)'}
   99 | void HAL_GPIO_EXTI_Callback(uint16_t GPIO_Pin)
      |      ^~~~~~~~~~~~~~~~~~~~~~
../Core/Src/main.c: In function 'HAL_GPIO_EXTI_Callback':
../Core/Src/main.c:305:27: error: 'MODE_NUIT' undeclared (first use in this function); did you mean 'MODE_INPUT'?
  305 |             currentMode = MODE_NUIT;
      |                           ^~~~~~~~~
      |                           MODE_INPUT
../Core/Src/main.c: In function 'main':
../Core/Src/main.c:430:15: warning: implicit declaration of function 'Show_Last_Two_Alerts' [-Wimplicit-function-declaration]
  430 |               Show_Last_Two_Alerts();
      |               ^~~~~~~~~~~~~~~~~~~~
../Core/Src/main.c: At top level:
../Core/Src/main.c:963:6: warning: conflicting types for 'Show_Last_Two_Alerts'; have 'void(void)'
  963 | void Show_Last_Two_Alerts(void)
      |      ^~~~~~~~~~~~~~~~~~~~
../Core/Src/main.c:430:15: note: previous implicit declaration of 'Show_Last_Two_Alerts' with type 'void(void)'
  430 |               Show_Last_Two_Alerts();
      |               ^~~~~~~~~~~~~~~~~~~~
make: *** [Core/Src/subdir.mk:37: Core/Src/main.o] Error 1
"make -j4 all" terminated with exit code 2. Build might be incomplete.
02:11:52 **** Incremental Build of configuration Debug for project Projet_scenario_1 ****
make -j4 all 
arm-none-eabi-gcc "../Core/Src/main.c" -mcpu=cortex-m4 -std=gnu11 -g3 -DDEBUG -DUSE_HAL_DRIVER -DSTM32F407xx -c -I../Core/Inc -I../Drivers/STM32F4xx_HAL_Driver/Inc -I../Drivers/STM32F4xx_HAL_Driver/Inc/Legacy -I../Drivers/CMSIS/Device/ST/STM32F4xx/Include -I../Drivers/CMSIS/Include -O0 -ffunction-sections -fdata-sections -Wall -fstack-usage -fcyclomatic-complexity -MMD -MP -MF"Core/Src/main.d" -MT"Core/Src/main.o" --specs=nano.specs -mfpu=fpv4-sp-d16 -mfloat-abi=hard -mthumb -o "Core/Src/main.o"
../Core/Src/main.c:70:1: error: unknown type name 'ModeLuminosite'
   70 | ModeLuminosite currentMode = MODE_JOUR;
      | ^~~~~~~~~~~~~~
../Core/Src/main.c:70:30: error: 'MODE_JOUR' undeclared here (not in a function)
   70 | ModeLuminosite currentMode = MODE_JOUR;
      |                              ^~~~~~~~~
../Core/Src/main.c: In function 'HAL_GPIO_EXTI_Callback':
../Core/Src/main.c:147:27: error: 'MODE_NUIT' undeclared (first use in this function); did you mean 'MODE_INPUT'?
  147 |             currentMode = MODE_NUIT;
      |                           ^~~~~~~~~
      |                           MODE_INPUT
../Core/Src/main.c:147:27: note: each undeclared identifier is reported only once for each function it appears in
../Core/Src/main.c: In function 'HAL_ADC_ConvCpltCallback':
../Core/Src/main.c:210:88: warning: format '%f' expects argument of type 'double', but argument 4 has type 'int' [-Wformat=]
  210 |                 {                                       snprintf(line1, 17, "moist: %.1fC", ras);
      |                                                                                     ~~~^    ~~~
      |                                                                                        |    |
      |                                                                                        |    int
      |                                                                                        double
      |                                                                                     %.1d
../Core/Src/main.c:238:43: warning: format '%f' expects argument of type 'double', but argument 4 has type 'int *' [-Wformat=]
  238 |             snprintf(line2, 17, "soil: %.1fC", soilbuff);
      |                                        ~~~^    ~~~~~~~~
      |                                           |    |
      |                                           |    int *
      |                                           double
      |                                        %.1ls
../Core/Src/main.c: In function 'main':
../Core/Src/main.c:332:15: warning: implicit declaration of function 'Show_Last_Two_Alerts' [-Wimplicit-function-declaration]
  332 |               Show_Last_Two_Alerts();
      |               ^~~~~~~~~~~~~~~~~~~~
../Core/Src/main.c: At top level:
../Core/Src/main.c:865:6: warning: conflicting types for 'Show_Last_Two_Alerts'; have 'void(void)'
  865 | void Show_Last_Two_Alerts(void)
      |      ^~~~~~~~~~~~~~~~~~~~
../Core/Src/main.c:332:15: note: previous implicit declaration of 'Show_Last_Two_Alerts' with type 'void(void)'
  332 |               Show_Last_Two_Alerts();
      |               ^~~~~~~~~~~~~~~~~~~~
make: *** [Core/Src/subdir.mk:37: Core/Src/main.o] Error 1
"make -j4 all" terminated with exit code 2. Build might be incomplete.
02:12:44 **** Incremental Build of configuration Debug for project Projet_scenario_1 ****
make -j4 all 
arm-none-eabi-gcc "../Core/Src/main.c" -mcpu=cortex-m4 -std=gnu11 -g3 -DDEBUG -DUSE_HAL_DRIVER -DSTM32F407xx -c -I../Core/Inc -I../Drivers/STM32F4xx_HAL_Driver/Inc -I../Drivers/STM32F4xx_HAL_Driver/Inc/Legacy -I../Drivers/CMSIS/Device/ST/STM32F4xx/Include -I../Drivers/CMSIS/Include -O0 -ffunction-sections -fdata-sections -Wall -fstack-usage -fcyclomatic-complexity -MMD -MP -MF"Core/Src/main.d" -MT"Core/Src/main.o" --specs=nano.specs -mfpu=fpv4-sp-d16 -mfloat-abi=hard -mthumb -o "Core/Src/main.o"
../Core/Src/main.c: In function 'HAL_ADC_ConvCpltCallback':
../Core/Src/main.c:213:88: warning: format '%f' expects argument of type 'double', but argument 4 has type 'int' [-Wformat=]
  213 |                 {                                       snprintf(line1, 17, "moist: %.1fC", ras);
      |                                                                                     ~~~^    ~~~
      |                                                                                        |    |
      |                                                                                        |    int
      |                                                                                        double
      |                                                                                     %.1d
../Core/Src/main.c:241:43: warning: format '%f' expects argument of type 'double', but argument 4 has type 'int *' [-Wformat=]
  241 |             snprintf(line2, 17, "soil: %.1fC", soilbuff);
      |                                        ~~~^    ~~~~~~~~
      |                                           |    |
      |                                           |    int *
      |                                           double
      |                                        %.1ls
../Core/Src/main.c: In function 'main':
../Core/Src/main.c:335:15: warning: implicit declaration of function 'Show_Last_Two_Alerts' [-Wimplicit-function-declaration]
  335 |               Show_Last_Two_Alerts();
      |               ^~~~~~~~~~~~~~~~~~~~
../Core/Src/main.c: At top level:
../Core/Src/main.c:868:6: warning: conflicting types for 'Show_Last_Two_Alerts'; have 'void(void)'
  868 | void Show_Last_Two_Alerts(void)
      |      ^~~~~~~~~~~~~~~~~~~~
../Core/Src/main.c:335:15: note: previous implicit declaration of 'Show_Last_Two_Alerts' with type 'void(void)'
  335 |               Show_Last_Two_Alerts();
      |               ^~~~~~~~~~~~~~~~~~~~
arm-none-eabi-gcc -o "Projet_scenario_1.elf" @"objects.list"   -mcpu=cortex-m4 -T"C:\Users\Doublism\Desktop\2222\Projet_scenario_1\STM32F407VGTX_FLASH.ld" --specs=nosys.specs -Wl,-Map="Projet_scenario_1.map" -Wl,--gc-sections -static --specs=nano.specs -mfpu=fpv4-sp-d16 -mfloat-abi=hard -mthumb -u _printf_float -Wl,--start-group -lc -lm -Wl,--end-group
Finished building target: Projet_scenario_1.elf
 
arm-none-eabi-size  Projet_scenario_1.elf 
arm-none-eabi-objdump -h -S Projet_scenario_1.elf  > "Projet_scenario_1.list"
   text	   data	    bss	    dec	    hex	filename
  38900	    492	   2676	  42068	   a454	Projet_scenario_1.elf
arm-none-eabi-objcopy  -O ihex Projet_scenario_1.elf  "Projet_scenario_1.hex"
Finished building: default.size.stdout
 
Finished building: Projet_scenario_1.hex
 
Finished building: Projet_scenario_1.list
 
02:16:09 **** Incremental Build of configuration Debug for project Projet_scenario_1 ****
make -j4 all 
arm-none-eabi-gcc "../Core/Src/main.c" -mcpu=cortex-m4 -std=gnu11 -g3 -DDEBUG -DUSE_HAL_DRIVER -DSTM32F407xx -c -I../Core/Inc -I../Drivers/STM32F4xx_HAL_Driver/Inc -I../Drivers/STM32F4xx_HAL_Driver/Inc/Legacy -I../Drivers/CMSIS/Device/ST/STM32F4xx/Include -I../Drivers/CMSIS/Include -O0 -ffunction-sections -fdata-sections -Wall -fstack-usage -fcyclomatic-complexity -MMD -MP -MF"Core/Src/main.d" -MT"Core/Src/main.o" --specs=nano.specs -mfpu=fpv4-sp-d16 -mfloat-abi=hard -mthumb -o "Core/Src/main.o"
../Core/Src/main.c: In function 'main':
../Core/Src/main.c:353:15: warning: implicit declaration of function 'Show_Last_Two_Alerts' [-Wimplicit-function-declaration]
  353 |               Show_Last_Two_Alerts();
      |               ^~~~~~~~~~~~~~~~~~~~
../Core/Src/main.c: At top level:
../Core/Src/main.c:886:6: warning: conflicting types for 'Show_Last_Two_Alerts'; have 'void(void)'
  886 | void Show_Last_Two_Alerts(void)
      |      ^~~~~~~~~~~~~~~~~~~~
../Core/Src/main.c:353:15: note: previous implicit declaration of 'Show_Last_Two_Alerts' with type 'void(void)'
  353 |               Show_Last_Two_Alerts();
      |               ^~~~~~~~~~~~~~~~~~~~
arm-none-eabi-gcc -o "Projet_scenario_1.elf" @"objects.list"   -mcpu=cortex-m4 -T"C:\Users\Doublism\Desktop\2222\Projet_scenario_1\STM32F407VGTX_FLASH.ld" --specs=nosys.specs -Wl,-Map="Projet_scenario_1.map" -Wl,--gc-sections -static --specs=nano.specs -mfpu=fpv4-sp-d16 -mfloat-abi=hard -mthumb -u _printf_float -Wl,--start-group -lc -lm -Wl,--end-group
Finished building target: Projet_scenario_1.elf
 
arm-none-eabi-size  Projet_scenario_1.elf 
arm-none-eabi-objdump -h -S Projet_scenario_1.elf  > "Projet_scenario_1.list"
   text	   data	    bss	    dec	    hex	filename
  38644	    492	   2684	  41820	   a35c	Projet_scenario_1.elf
arm-none-eabi-objcopy  -O ihex Projet_scenario_1.elf  "Projet_scenario_1.hex"
Finished building: default.size.stdout
 
Finished building: Projet_scenario_1.hex
 
Finished building: Projet_scenario_1.list
 
03:12:57 **** Incremental Build of configuration Debug for project Projet_scenario_1 ****
make -j4 all 
arm-none-eabi-gcc "../Core/Src/liquidcrystal_i2c.c" -mcpu=cortex-m4 -std=gnu11 -g3 -DDEBUG -DUSE_HAL_DRIVER -DSTM32F407xx -c -I../Core/Inc -I../Drivers/STM32F4xx_HAL_Driver/Inc -I../Drivers/STM32F4xx_HAL_Driver/Inc/Legacy -I../Drivers/CMSIS/Device/ST/STM32F4xx/Include -I../Drivers/CMSIS/Include -O0 -ffunction-sections -fdata-sections -Wall -fstack-usage -fcyclomatic-complexity -MMD -MP -MF"Core/Src/liquidcrystal_i2c.d" -MT"Core/Src/liquidcrystal_i2c.o" --specs=nano.specs -mfpu=fpv4-sp-d16 -mfloat-abi=hard -mthumb -o "Core/Src/liquidcrystal_i2c.o"
arm-none-eabi-gcc "../Core/Src/main.c" -mcpu=cortex-m4 -std=gnu11 -g3 -DDEBUG -DUSE_HAL_DRIVER -DSTM32F407xx -c -I../Core/Inc -I../Drivers/STM32F4xx_HAL_Driver/Inc -I../Drivers/STM32F4xx_HAL_Driver/Inc/Legacy -I../Drivers/CMSIS/Device/ST/STM32F4xx/Include -I../Drivers/CMSIS/Include -O0 -ffunction-sections -fdata-sections -Wall -fstack-usage -fcyclomatic-complexity -MMD -MP -MF"Core/Src/main.d" -MT"Core/Src/main.o" --specs=nano.specs -mfpu=fpv4-sp-d16 -mfloat-abi=hard -mthumb -o "Core/Src/main.o"
arm-none-eabi-gcc "../Core/Src/model_weights.c" -mcpu=cortex-m4 -std=gnu11 -g3 -DDEBUG -DUSE_HAL_DRIVER -DSTM32F407xx -c -I../Core/Inc -I../Drivers/STM32F4xx_HAL_Driver/Inc -I../Drivers/STM32F4xx_HAL_Driver/Inc/Legacy -I../Drivers/CMSIS/Device/ST/STM32F4xx/Include -I../Drivers/CMSIS/Include -O0 -ffunction-sections -fdata-sections -Wall -fstack-usage -fcyclomatic-complexity -MMD -MP -MF"Core/Src/model_weights.d" -MT"Core/Src/model_weights.o" --specs=nano.specs -mfpu=fpv4-sp-d16 -mfloat-abi=hard -mthumb -o "Core/Src/model_weights.o"
arm-none-eabi-gcc "../Core/Src/neural_network.c" -mcpu=cortex-m4 -std=gnu11 -g3 -DDEBUG -DUSE_HAL_DRIVER -DSTM32F407xx -c -I../Core/Inc -I../Drivers/STM32F4xx_HAL_Driver/Inc -I../Drivers/STM32F4xx_HAL_Driver/Inc/Legacy -I../Drivers/CMSIS/Device/ST/STM32F4xx/Include -I../Drivers/CMSIS/Include -O0 -ffunction-sections -fdata-sections -Wall -fstack-usage -fcyclomatic-complexity -MMD -MP -MF"Core/Src/neural_network.d" -MT"Core/Src/neural_network.o" --specs=nano.specs -mfpu=fpv4-sp-d16 -mfloat-abi=hard -mthumb -o "Core/Src/neural_network.o"
../Core/Src/main.c: In function 'HAL_ADC_ConvCpltCallback':
../Core/Src/main.c:224:23: error: redefinition of 'flame'
  224 |         GPIO_PinState flame = HAL_GPIO_ReadPin(GPIOA, Flame_Pin);
      |                       ^~~~~
../Core/Src/main.c:217:39: note: previous definition of 'flame' with type 'GPIO_PinState'
  217 |                         GPIO_PinState flame = HAL_GPIO_ReadPin(GPIOA, Flame_Pin);
      |                                       ^~~~~
../Core/Src/main.c: In function 'main':
../Core/Src/main.c:389:15: warning: implicit declaration of function 'Show_Last_Two_Alerts' [-Wimplicit-function-declaration]
  389 |               Show_Last_Two_Alerts();
      |               ^~~~~~~~~~~~~~~~~~~~
../Core/Src/main.c: At top level:
../Core/Src/main.c:922:6: warning: conflicting types for 'Show_Last_Two_Alerts'; have 'void(void)'
  922 | void Show_Last_Two_Alerts(void)
      |      ^~~~~~~~~~~~~~~~~~~~
../Core/Src/main.c:389:15: note: previous implicit declaration of 'Show_Last_Two_Alerts' with type 'void(void)'
  389 |               Show_Last_Two_Alerts();
      |               ^~~~~~~~~~~~~~~~~~~~
make: *** [Core/Src/subdir.mk:43: Core/Src/main.o] Error 1
make: *** Waiting for unfinished jobs....
"make -j4 all" terminated with exit code 2. Build might be incomplete.
03:13:20 **** Incremental Build of configuration Debug for project Projet_scenario_1 ****
make -j4 all 
arm-none-eabi-gcc "../Core/Src/main.c" -mcpu=cortex-m4 -std=gnu11 -g3 -DDEBUG -DUSE_HAL_DRIVER -DSTM32F407xx -c -I../Core/Inc -I../Drivers/STM32F4xx_HAL_Driver/Inc -I../Drivers/STM32F4xx_HAL_Driver/Inc/Legacy -I../Drivers/CMSIS/Device/ST/STM32F4xx/Include -I../Drivers/CMSIS/Include -O0 -ffunction-sections -fdata-sections -Wall -fstack-usage -fcyclomatic-complexity -MMD -MP -MF"Core/Src/main.d" -MT"Core/Src/main.o" --specs=nano.specs -mfpu=fpv4-sp-d16 -mfloat-abi=hard -mthumb -o "Core/Src/main.o"
arm-none-eabi-gcc "../Core/Src/stm32f4xx_hal_msp.c" -mcpu=cortex-m4 -std=gnu11 -g3 -DDEBUG -DUSE_HAL_DRIVER -DSTM32F407xx -c -I../Core/Inc -I../Drivers/STM32F4xx_HAL_Driver/Inc -I../Drivers/STM32F4xx_HAL_Driver/Inc/Legacy -I../Drivers/CMSIS/Device/ST/STM32F4xx/Include -I../Drivers/CMSIS/Include -O0 -ffunction-sections -fdata-sections -Wall -fstack-usage -fcyclomatic-complexity -MMD -MP -MF"Core/Src/stm32f4xx_hal_msp.d" -MT"Core/Src/stm32f4xx_hal_msp.o" --specs=nano.specs -mfpu=fpv4-sp-d16 -mfloat-abi=hard -mthumb -o "Core/Src/stm32f4xx_hal_msp.o"
arm-none-eabi-gcc "../Core/Src/stm32f4xx_it.c" -mcpu=cortex-m4 -std=gnu11 -g3 -DDEBUG -DUSE_HAL_DRIVER -DSTM32F407xx -c -I../Core/Inc -I../Drivers/STM32F4xx_HAL_Driver/Inc -I../Drivers/STM32F4xx_HAL_Driver/Inc/Legacy -I../Drivers/CMSIS/Device/ST/STM32F4xx/Include -I../Drivers/CMSIS/Include -O0 -ffunction-sections -fdata-sections -Wall -fstack-usage -fcyclomatic-complexity -MMD -MP -MF"Core/Src/stm32f4xx_it.d" -MT"Core/Src/stm32f4xx_it.o" --specs=nano.specs -mfpu=fpv4-sp-d16 -mfloat-abi=hard -mthumb -o "Core/Src/stm32f4xx_it.o"
arm-none-eabi-gcc "../Core/Src/syscalls.c" -mcpu=cortex-m4 -std=gnu11 -g3 -DDEBUG -DUSE_HAL_DRIVER -DSTM32F407xx -c -I../Core/Inc -I../Drivers/STM32F4xx_HAL_Driver/Inc -I../Drivers/STM32F4xx_HAL_Driver/Inc/Legacy -I../Drivers/CMSIS/Device/ST/STM32F4xx/Include -I../Drivers/CMSIS/Include -O0 -ffunction-sections -fdata-sections -Wall -fstack-usage -fcyclomatic-complexity -MMD -MP -MF"Core/Src/syscalls.d" -MT"Core/Src/syscalls.o" --specs=nano.specs -mfpu=fpv4-sp-d16 -mfloat-abi=hard -mthumb -o "Core/Src/syscalls.o"
../Core/Src/main.c: In function 'main':
../Core/Src/main.c:388:15: warning: implicit declaration of function 'Show_Last_Two_Alerts' [-Wimplicit-function-declaration]
  388 |               Show_Last_Two_Alerts();
      |               ^~~~~~~~~~~~~~~~~~~~
../Core/Src/main.c: At top level:
../Core/Src/main.c:921:6: warning: conflicting types for 'Show_Last_Two_Alerts'; have 'void(void)'
  921 | void Show_Last_Two_Alerts(void)
      |      ^~~~~~~~~~~~~~~~~~~~
../Core/Src/main.c:388:15: note: previous implicit declaration of 'Show_Last_Two_Alerts' with type 'void(void)'
  388 |               Show_Last_Two_Alerts();
      |               ^~~~~~~~~~~~~~~~~~~~
arm-none-eabi-gcc "../Core/Src/sysmem.c" -mcpu=cortex-m4 -std=gnu11 -g3 -DDEBUG -DUSE_HAL_DRIVER -DSTM32F407xx -c -I../Core/Inc -I../Drivers/STM32F4xx_HAL_Driver/Inc -I../Drivers/STM32F4xx_HAL_Driver/Inc/Legacy -I../Drivers/CMSIS/Device/ST/STM32F4xx/Include -I../Drivers/CMSIS/Include -O0 -ffunction-sections -fdata-sections -Wall -fstack-usage -fcyclomatic-complexity -MMD -MP -MF"Core/Src/sysmem.d" -MT"Core/Src/sysmem.o" --specs=nano.specs -mfpu=fpv4-sp-d16 -mfloat-abi=hard -mthumb -o "Core/Src/sysmem.o"
arm-none-eabi-gcc "../Core/Src/system_stm32f4xx.c" -mcpu=cortex-m4 -std=gnu11 -g3 -DDEBUG -DUSE_HAL_DRIVER -DSTM32F407xx -c -I../Core/Inc -I../Drivers/STM32F4xx_HAL_Driver/Inc -I../Drivers/STM32F4xx_HAL_Driver/Inc/Legacy -I../Drivers/CMSIS/Device/ST/STM32F4xx/Include -I../Drivers/CMSIS/Include -O0 -ffunction-sections -fdata-sections -Wall -fstack-usage -fcyclomatic-complexity -MMD -MP -MF"Core/Src/system_stm32f4xx.d" -MT"Core/Src/system_stm32f4xx.o" --specs=nano.specs -mfpu=fpv4-sp-d16 -mfloat-abi=hard -mthumb -o "Core/Src/system_stm32f4xx.o"
arm-none-eabi-gcc -o "Projet_scenario_1.elf" @"objects.list"   -mcpu=cortex-m4 -T"C:\Users\Doublism\Desktop\2222\Projet_scenario_1\STM32F407VGTX_FLASH.ld" --specs=nosys.specs -Wl,-Map="Projet_scenario_1.map" -Wl,--gc-sections -static --specs=nano.specs -mfpu=fpv4-sp-d16 -mfloat-abi=hard -mthumb -u _printf_float -Wl,--start-group -lc -lm -Wl,--end-group
Finished building target: Projet_scenario_1.elf
 
arm-none-eabi-size  Projet_scenario_1.elf 
arm-none-eabi-objdump -h -S Projet_scenario_1.elf  > "Projet_scenario_1.list"
arm-none-eabi-objcopy  -O ihex Projet_scenario_1.elf  "Projet_scenario_1.hex"
   text	   data	    bss	    dec	    hex	filename
  41212	    492	   2684	  44388	   ad64	Projet_scenario_1.elf
Finished building: default.size.stdout
 
Finished building: Projet_scenario_1.hex
 
Finished building: Projet_scenario_1.list
 
03:20:57 **** Incremental Build of configuration Debug for project Projet_scenario_1 ****
make -j4 all 
arm-none-eabi-gcc "../Core/Src/main.c" -mcpu=cortex-m4 -std=gnu11 -g3 -DDEBUG -DUSE_HAL_DRIVER -DSTM32F407xx -c -I../Core/Inc -I../Drivers/STM32F4xx_HAL_Driver/Inc -I../Drivers/STM32F4xx_HAL_Driver/Inc/Legacy -I../Drivers/CMSIS/Device/ST/STM32F4xx/Include -I../Drivers/CMSIS/Include -O0 -ffunction-sections -fdata-sections -Wall -fstack-usage -fcyclomatic-complexity -MMD -MP -MF"Core/Src/main.d" -MT"Core/Src/main.o" --specs=nano.specs -mfpu=fpv4-sp-d16 -mfloat-abi=hard -mthumb -o "Core/Src/main.o"
../Core/Src/main.c: In function 'main':
../Core/Src/main.c:388:15: warning: implicit declaration of function 'Show_Last_Two_Alerts' [-Wimplicit-function-declaration]
  388 |               Show_Last_Two_Alerts();
      |               ^~~~~~~~~~~~~~~~~~~~
../Core/Src/main.c: At top level:
../Core/Src/main.c:921:6: warning: conflicting types for 'Show_Last_Two_Alerts'; have 'void(void)'
  921 | void Show_Last_Two_Alerts(void)
      |      ^~~~~~~~~~~~~~~~~~~~
../Core/Src/main.c:388:15: note: previous implicit declaration of 'Show_Last_Two_Alerts' with type 'void(void)'
  388 |               Show_Last_Two_Alerts();
      |               ^~~~~~~~~~~~~~~~~~~~
arm-none-eabi-gcc -o "Projet_scenario_1.elf" @"objects.list"   -mcpu=cortex-m4 -T"C:\Users\Doublism\Desktop\2222\Projet_scenario_1\STM32F407VGTX_FLASH.ld" --specs=nosys.specs -Wl,-Map="Projet_scenario_1.map" -Wl,--gc-sections -static --specs=nano.specs -mfpu=fpv4-sp-d16 -mfloat-abi=hard -mthumb -u _printf_float -Wl,--start-group -lc -lm -Wl,--end-group
Finished building target: Projet_scenario_1.elf
 
arm-none-eabi-size  Projet_scenario_1.elf 
arm-none-eabi-objdump -h -S Projet_scenario_1.elf  > "Projet_scenario_1.list"
   text	   data	    bss	    dec	    hex	filename
  41196	    492	   2684	  44372	   ad54	Projet_scenario_1.elf
arm-none-eabi-objcopy  -O ihex Projet_scenario_1.elf  "Projet_scenario_1.hex"
Finished building: default.size.stdout
 
Finished building: Projet_scenario_1.hex
 
Finished building: Projet_scenario_1.list
 
03:21:28 **** Incremental Build of configuration Debug for project Projet_scenario_1 ****
make -j4 all 
arm-none-eabi-size  Projet_scenario_1.elf 
   text	   data	    bss	    dec	    hex	filename
  41196	    492	   2684	  44372	   ad54	Projet_scenario_1.elf
Finished building: default.size.stdout
 
03:22:10 **** Incremental Build of configuration Debug for project Projet_scenario_1 ****
make -j4 all 
arm-none-eabi-gcc "../Core/Src/main.c" -mcpu=cortex-m4 -std=gnu11 -g3 -DDEBUG -DUSE_HAL_DRIVER -DSTM32F407xx -c -I../Core/Inc -I../Drivers/STM32F4xx_HAL_Driver/Inc -I../Drivers/STM32F4xx_HAL_Driver/Inc/Legacy -I../Drivers/CMSIS/Device/ST/STM32F4xx/Include -I../Drivers/CMSIS/Include -O0 -ffunction-sections -fdata-sections -Wall -fstack-usage -fcyclomatic-complexity -MMD -MP -MF"Core/Src/main.d" -MT"Core/Src/main.o" --specs=nano.specs -mfpu=fpv4-sp-d16 -mfloat-abi=hard -mthumb -o "Core/Src/main.o"
../Core/Src/main.c: In function 'main':
../Core/Src/main.c:388:15: warning: implicit declaration of function 'Show_Last_Two_Alerts' [-Wimplicit-function-declaration]
  388 |               Show_Last_Two_Alerts();
      |               ^~~~~~~~~~~~~~~~~~~~
../Core/Src/main.c: At top level:
../Core/Src/main.c:921:6: warning: conflicting types for 'Show_Last_Two_Alerts'; have 'void(void)'
  921 | void Show_Last_Two_Alerts(void)
      |      ^~~~~~~~~~~~~~~~~~~~
../Core/Src/main.c:388:15: note: previous implicit declaration of 'Show_Last_Two_Alerts' with type 'void(void)'
  388 |               Show_Last_Two_Alerts();
      |               ^~~~~~~~~~~~~~~~~~~~
arm-none-eabi-gcc -o "Projet_scenario_1.elf" @"objects.list"   -mcpu=cortex-m4 -T"C:\Users\Doublism\Desktop\2222\Projet_scenario_1\STM32F407VGTX_FLASH.ld" --specs=nosys.specs -Wl,-Map="Projet_scenario_1.map" -Wl,--gc-sections -static --specs=nano.specs -mfpu=fpv4-sp-d16 -mfloat-abi=hard -mthumb -u _printf_float -Wl,--start-group -lc -lm -Wl,--end-group
Finished building target: Projet_scenario_1.elf
 
arm-none-eabi-size  Projet_scenario_1.elf 
arm-none-eabi-objdump -h -S Projet_scenario_1.elf  > "Projet_scenario_1.list"
arm-none-eabi-objcopy  -O ihex Projet_scenario_1.elf  "Projet_scenario_1.hex"
   text	   data	    bss	    dec	    hex	filename
  41212	    492	   2684	  44388	   ad64	Projet_scenario_1.elf
Finished building: default.size.stdout
 
Finished building: Projet_scenario_1.hex
 
Finished building: Projet_scenario_1.list
 
03:29:59 **** Incremental Build of configuration Debug for project Projet_scenario_1 ****
make -j4 all 
arm-none-eabi-gcc "../Core/Src/main.c" -mcpu=cortex-m4 -std=gnu11 -g3 -DDEBUG -DUSE_HAL_DRIVER -DSTM32F407xx -c -I../Core/Inc -I../Drivers/STM32F4xx_HAL_Driver/Inc -I../Drivers/STM32F4xx_HAL_Driver/Inc/Legacy -I../Drivers/CMSIS/Device/ST/STM32F4xx/Include -I../Drivers/CMSIS/Include -O0 -ffunction-sections -fdata-sections -Wall -fstack-usage -fcyclomatic-complexity -MMD -MP -MF"Core/Src/main.d" -MT"Core/Src/main.o" --specs=nano.specs -mfpu=fpv4-sp-d16 -mfloat-abi=hard -mthumb -o "Core/Src/main.o"
../Core/Src/main.c: In function 'HAL_ADC_ConvCpltCallback':
../Core/Src/main.c:204:15: warning: unused variable 'calibrated_temp' [-Wunused-variable]
  204 |         float calibrated_temp = current_temperature + temp_offset;
      |               ^~~~~~~~~~~~~~~
../Core/Src/main.c:217:60: error: 'calibrated_temp' undeclared (first use in this function)
  217 |                         ml_risk_level = predict_risk_level(calibrated_temp, humidity);
      |                                                            ^~~~~~~~~~~~~~~
../Core/Src/main.c:217:60: note: each undeclared identifier is reported only once for each function it appears in
../Core/Src/main.c: In function 'main':
../Core/Src/main.c:390:15: warning: implicit declaration of function 'Show_Last_Two_Alerts' [-Wimplicit-function-declaration]
  390 |               Show_Last_Two_Alerts();
      |               ^~~~~~~~~~~~~~~~~~~~
../Core/Src/main.c: At top level:
../Core/Src/main.c:923:6: warning: conflicting types for 'Show_Last_Two_Alerts'; have 'void(void)'
  923 | void Show_Last_Two_Alerts(void)
      |      ^~~~~~~~~~~~~~~~~~~~
../Core/Src/main.c:390:15: note: previous implicit declaration of 'Show_Last_Two_Alerts' with type 'void(void)'
  390 |               Show_Last_Two_Alerts();
      |               ^~~~~~~~~~~~~~~~~~~~
make: *** [Core/Src/subdir.mk:43: Core/Src/main.o] Error 1
"make -j4 all" terminated with exit code 2. Build might be incomplete.
03:30:54 **** Incremental Build of configuration Debug for project Projet_scenario_1 ****
make -j4 all 
arm-none-eabi-gcc "../Core/Src/main.c" -mcpu=cortex-m4 -std=gnu11 -g3 -DDEBUG -DUSE_HAL_DRIVER -DSTM32F407xx -c -I../Core/Inc -I../Drivers/STM32F4xx_HAL_Driver/Inc -I../Drivers/STM32F4xx_HAL_Driver/Inc/Legacy -I../Drivers/CMSIS/Device/ST/STM32F4xx/Include -I../Drivers/CMSIS/Include -O0 -ffunction-sections -fdata-sections -Wall -fstack-usage -fcyclomatic-complexity -MMD -MP -MF"Core/Src/main.d" -MT"Core/Src/main.o" --specs=nano.specs -mfpu=fpv4-sp-d16 -mfloat-abi=hard -mthumb -o "Core/Src/main.o"
../Core/Src/main.c: In function 'HAL_ADC_ConvCpltCallback':
../Core/Src/main.c:205:15: warning: unused variable 'calibrated_temp' [-Wunused-variable]
  205 |         float calibrated_temp = current_temperature + temp_offset;
      |               ^~~~~~~~~~~~~~~
../Core/Src/main.c: In function 'main':
../Core/Src/main.c:391:15: warning: implicit declaration of function 'Show_Last_Two_Alerts' [-Wimplicit-function-declaration]
  391 |               Show_Last_Two_Alerts();
      |               ^~~~~~~~~~~~~~~~~~~~
../Core/Src/main.c: At top level:
../Core/Src/main.c:924:6: warning: conflicting types for 'Show_Last_Two_Alerts'; have 'void(void)'
  924 | void Show_Last_Two_Alerts(void)
      |      ^~~~~~~~~~~~~~~~~~~~
../Core/Src/main.c:391:15: note: previous implicit declaration of 'Show_Last_Two_Alerts' with type 'void(void)'
  391 |               Show_Last_Two_Alerts();
      |               ^~~~~~~~~~~~~~~~~~~~
arm-none-eabi-gcc -o "Projet_scenario_1.elf" @"objects.list"   -mcpu=cortex-m4 -T"C:\Users\Doublism\Desktop\2222\Projet_scenario_1\STM32F407VGTX_FLASH.ld" --specs=nosys.specs -Wl,-Map="Projet_scenario_1.map" -Wl,--gc-sections -static --specs=nano.specs -mfpu=fpv4-sp-d16 -mfloat-abi=hard -mthumb -u _printf_float -Wl,--start-group -lc -lm -Wl,--end-group
Finished building target: Projet_scenario_1.elf
 
arm-none-eabi-size  Projet_scenario_1.elf 
arm-none-eabi-objdump -h -S Projet_scenario_1.elf  > "Projet_scenario_1.list"
   text	   data	    bss	    dec	    hex	filename
  41244	    492	   2692	  44428	   ad8c	Projet_scenario_1.elf
arm-none-eabi-objcopy  -O ihex Projet_scenario_1.elf  "Projet_scenario_1.hex"
Finished building: default.size.stdout
 
Finished building: Projet_scenario_1.hex
 
Finished building: Projet_scenario_1.list
 
03:35:20 **** Incremental Build of configuration Debug for project Projet_scenario_1 ****
make -j4 all 
[...]
../Core/Src/main.c:401:15: note: previous implicit declaration of 'Show_Last_Two_Alerts' with type 'void(void)'
  401 |               Show_Last_Two_Alerts();
      |               ^~~~~~~~~~~~~~~~~~~~
arm-none-eabi-gcc -o "Projet_scenario_1.elf" @"objects.list"   -mcpu=cortex-m4 -T"C:\Users\Doublism\Desktop\2222\Projet_scenario_1\STM32F407VGTX_FLASH.ld" --specs=nosys.specs -Wl,-Map="Projet_scenario_1.map" -Wl,--gc-sections -static --specs=nano.specs -mfpu=fpv4-sp-d16 -mfloat-abi=hard -mthumb -u _printf_float -Wl,--start-group -lc -lm -Wl,--end-group
Finished building target: Projet_scenario_1.elf
 
arm-none-eabi-size  Projet_scenario_1.elf 
arm-none-eabi-objdump -h -S Projet_scenario_1.elf  > "Projet_scenario_1.list"
   text	   data	    bss	    dec	    hex	filename
  41332	    492	   2692	  44516	   ade4	Projet_scenario_1.elf
arm-none-eabi-objcopy  -O ihex Projet_scenario_1.elf  "Projet_scenario_1.hex"
Finished building: default.size.stdout
 
Finished building: Projet_scenario_1.hex
 
Finished building: Projet_scenario_1.list
 
05:25:08 **** Incremental Build of configuration Debug for project Projet_scenario_1 ****
make -j4 all 
arm-none-eabi-size  Projet_scenario_1.elf 
   text	   data	    bss	    dec	    hex	filename
  41332	    492	   2692	  44516	   ade4	Projet_scenario_1.elf
Finished building: default.size.stdout
 
05:26:50 **** Incremental Build of configuration Debug for project Projet_scenario_1 ****
make -j4 all 
arm-none-eabi-gcc "../Core/Src/main.c" -mcpu=cortex-m4 -std=gnu11 -g3 -DDEBUG -DUSE_HAL_DRIVER -DSTM32F407xx -c -I../Core/Inc -I../Drivers/STM32F4xx_HAL_Driver/Inc -I../Drivers/STM32F4xx_HAL_Driver/Inc/Legacy -I../Drivers/CMSIS/Device/ST/STM32F4xx/Include -I../Drivers/CMSIS/Include -O0 -ffunction-sections -fdata-sections -Wall -fstack-usage -fcyclomatic-complexity -MMD -MP -MF"Core/Src/main.d" -MT"Core/Src/main.o" --specs=nano.specs -mfpu=fpv4-sp-d16 -mfloat-abi=hard -mthumb -o "Core/Src/main.o"
../Core/Src/main.c: In function 'main':
../Core/Src/main.c:401:15: warning: implicit declaration of function 'Show_Last_Two_Alerts' [-Wimplicit-function-declaration]
  401 |               Show_Last_Two_Alerts();
      |               ^~~~~~~~~~~~~~~~~~~~
../Core/Src/main.c: At top level:
../Core/Src/main.c:934:6: warning: conflicting types for 'Show_Last_Two_Alerts'; have 'void(void)'
  934 | void Show_Last_Two_Alerts(void)
      |      ^~~~~~~~~~~~~~~~~~~~
../Core/Src/main.c:401:15: note: previous implicit declaration of 'Show_Last_Two_Alerts' with type 'void(void)'
  401 |               Show_Last_Two_Alerts();
      |               ^~~~~~~~~~~~~~~~~~~~
arm-none-eabi-gcc -o "Projet_scenario_1.elf" @"objects.list"   -mcpu=cortex-m4 -T"C:\Users\Doublism\Desktop\2222\Projet_scenario_1\STM32F407VGTX_FLASH.ld" --specs=nosys.specs -Wl,-Map="Projet_scenario_1.map" -Wl,--gc-sections -static --specs=nano.specs -mfpu=fpv4-sp-d16 -mfloat-abi=hard -mthumb -u _printf_float -Wl,--start-group -lc -lm -Wl,--end-group
Finished building target: Projet_scenario_1.elf
 
arm-none-eabi-size  Projet_scenario_1.elf 
arm-none-eabi-objdump -h -S Projet_scenario_1.elf  > "Projet_scenario_1.list"
arm-none-eabi-objcopy  -O ihex Projet_scenario_1.elf  "Projet_scenario_1.hex"
   text	   data	    bss	    dec	    hex	filename
  41332	    492	   2692	  44516	   ade4	Projet_scenario_1.elf
Finished building: default.size.stdout
 
Finished building: Projet_scenario_1.hex
 
Finished building: Projet_scenario_1.list
 
05:27:26 **** Incremental Build of configuration Debug for project Projet_scenario_1 ****
make -j4 all 
arm-none-eabi-gcc "../Core/Src/main.c" -mcpu=cortex-m4 -std=gnu11 -g3 -DDEBUG -DUSE_HAL_DRIVER -DSTM32F407xx -c -I../Core/Inc -I../Drivers/STM32F4xx_HAL_Driver/Inc -I../Drivers/STM32F4xx_HAL_Driver/Inc/Legacy -I../Drivers/CMSIS/Device/ST/STM32F4xx/Include -I../Drivers/CMSIS/Include -O0 -ffunction-sections -fdata-sections -Wall -fstack-usage -fcyclomatic-complexity -MMD -MP -MF"Core/Src/main.d" -MT"Core/Src/main.o" --specs=nano.specs -mfpu=fpv4-sp-d16 -mfloat-abi=hard -mthumb -o "Core/Src/main.o"
../Core/Src/main.c: In function 'main':
../Core/Src/main.c:401:15: warning: implicit declaration of function 'Show_Last_Two_Alerts' [-Wimplicit-function-declaration]
  401 |               Show_Last_Two_Alerts();
      |               ^~~~~~~~~~~~~~~~~~~~
../Core/Src/main.c: At top level:
../Core/Src/main.c:934:6: warning: conflicting types for 'Show_Last_Two_Alerts'; have 'void(void)'
  934 | void Show_Last_Two_Alerts(void)
      |      ^~~~~~~~~~~~~~~~~~~~
../Core/Src/main.c:401:15: note: previous implicit declaration of 'Show_Last_Two_Alerts' with type 'void(void)'
  401 |               Show_Last_Two_Alerts();
      |               ^~~~~~~~~~~~~~~~~~~~
arm-none-eabi-gcc -o "Projet_scenario_1.elf" @"objects.list"   -mcpu=cortex-m4 -T"C:\Users\Doublism\Desktop\2222\Projet_scenario_1\STM32F407VGTX_FLASH.ld" --specs=nosys.specs -Wl,-Map="Projet_scenario_1.map" -Wl,--gc-sections -static --specs=nano.specs -mfpu=fpv4-sp-d16 -mfloat-abi=hard -mthumb -u _printf_float -Wl,--start-group -lc -lm -Wl,--end-group
Finished building target: Projet_scenario_1.elf
 
arm-none-eabi-size  Projet_scenario_1.elf 
arm-none-eabi-objdump -h -S Projet_scenario_1.elf  > "Projet_scenario_1.list"
arm-none-eabi-objcopy  -O ihex Projet_scenario_1.elf  "Projet_scenario_1.hex"
   text	   data	    bss	    dec	    hex	filename
  41332	    492	   2692	  44516	   ade4	Projet_scenario_1.elf
Finished building: default.size.stdout
 
Finished building: Projet_scenario_1.hex
 
Finished building: Projet_scenario_1.list
 
05:32:20 **** Incremental Build of configuration Debug for project Projet_scenario_1 ****
make -j4 all 
arm-none-eabi-gcc "../Core/Src/main.c" -mcpu=cortex-m4 -std=gnu11 -g3 -DDEBUG -DUSE_HAL_DRIVER -DSTM32F407xx -c -I../Core/Inc -I../Drivers/STM32F4xx_HAL_Driver/Inc -I../Drivers/STM32F4xx_HAL_Driver/Inc/Legacy -I../Drivers/CMSIS/Device/ST/STM32F4xx/Include -I../Drivers/CMSIS/Include -O0 -ffunction-sections -fdata-sections -Wall -fstack-usage -fcyclomatic-complexity -MMD -MP -MF"Core/Src/main.d" -MT"Core/Src/main.o" --specs=nano.specs -mfpu=fpv4-sp-d16 -mfloat-abi=hard -mthumb -o "Core/Src/main.o"
../Core/Src/main.c: In function 'main':
../Core/Src/main.c:405:15: warning: implicit declaration of function 'Show_Last_Two_Alerts' [-Wimplicit-function-declaration]
  405 |               Show_Last_Two_Alerts();
      |               ^~~~~~~~~~~~~~~~~~~~
../Core/Src/main.c: At top level:
../Core/Src/main.c:938:6: warning: conflicting types for 'Show_Last_Two_Alerts'; have 'void(void)'
  938 | void Show_Last_Two_Alerts(void)
      |      ^~~~~~~~~~~~~~~~~~~~
../Core/Src/main.c:405:15: note: previous implicit declaration of 'Show_Last_Two_Alerts' with type 'void(void)'
  405 |               Show_Last_Two_Alerts();
      |               ^~~~~~~~~~~~~~~~~~~~
arm-none-eabi-gcc -o "Projet_scenario_1.elf" @"objects.list"   -mcpu=cortex-m4 -T"C:\Users\Doublism\Desktop\2222\Projet_scenario_1\STM32F407VGTX_FLASH.ld" --specs=nosys.specs -Wl,-Map="Projet_scenario_1.map" -Wl,--gc-sections -static --specs=nano.specs -mfpu=fpv4-sp-d16 -mfloat-abi=hard -mthumb -u _printf_float -Wl,--start-group -lc -lm -Wl,--end-group
Finished building target: Projet_scenario_1.elf
 
arm-none-eabi-size  Projet_scenario_1.elf 
arm-none-eabi-objdump -h -S Projet_scenario_1.elf  > "Projet_scenario_1.list"
   text	   data	    bss	    dec	    hex	filename
  41356	    492	   2692	  44540	   adfc	Projet_scenario_1.elf
arm-none-eabi-objcopy  -O ihex Projet_scenario_1.elf  "Projet_scenario_1.hex"
Finished building: default.size.stdout
 
Finished building: Projet_scenario_1.hex
 
Finished building: Projet_scenario_1.list
 
05:40:49 **** Incremental Build of configuration Debug for project Projet_scenario_1 ****
make -j4 all 
arm-none-eabi-gcc "../Core/Src/main.c" -mcpu=cortex-m4 -std=gnu11 -g3 -DDEBUG -DUSE_HAL_DRIVER -DSTM32F407xx -c -I../Core/Inc -I../Drivers/STM32F4xx_HAL_Driver/Inc -I../Drivers/STM32F4xx_HAL_Driver/Inc/Legacy -I../Drivers/CMSIS/Device/ST/STM32F4xx/Include -I../Drivers/CMSIS/Include -O0 -ffunction-sections -fdata-sections -Wall -fstack-usage -fcyclomatic-complexity -MMD -MP -MF"Core/Src/main.d" -MT"Core/Src/main.o" --specs=nano.specs -mfpu=fpv4-sp-d16 -mfloat-abi=hard -mthumb -o "Core/Src/main.o"
../Core/Src/main.c: In function 'HAL_ADC_ConvCpltCallback':
../Core/Src/main.c:235:15: error: redefinition of 'soil_dryness'
  235 |         float soil_dryness = (current_soil / 4095.0f) * 100.0f;
      |               ^~~~~~~~~~~~
../Core/Src/main.c:234:15: note: previous definition of 'soil_dryness' with type 'float'
  234 |         float soil_dryness = 0.0f;
      |               ^~~~~~~~~~~~
../Core/Src/main.c: In function 'main':
../Core/Src/main.c:406:15: warning: implicit declaration of function 'Show_Last_Two_Alerts' [-Wimplicit-function-declaration]
  406 |               Show_Last_Two_Alerts();
      |               ^~~~~~~~~~~~~~~~~~~~
../Core/Src/main.c: At top level:
../Core/Src/main.c:939:6: warning: conflicting types for 'Show_Last_Two_Alerts'; have 'void(void)'
  939 | void Show_Last_Two_Alerts(void)
      |      ^~~~~~~~~~~~~~~~~~~~
../Core/Src/main.c:406:15: note: previous implicit declaration of 'Show_Last_Two_Alerts' with type 'void(void)'
  406 |               Show_Last_Two_Alerts();
      |               ^~~~~~~~~~~~~~~~~~~~
make: *** [Core/Src/subdir.mk:43: Core/Src/main.o] Error 1
"make -j4 all" terminated with exit code 2. Build might be incomplete.
05:41:14 **** Incremental Build of configuration Debug for project Projet_scenario_1 ****
make -j4 all 
arm-none-eabi-gcc "../Core/Src/main.c" -mcpu=cortex-m4 -std=gnu11 -g3 -DDEBUG -DUSE_HAL_DRIVER -DSTM32F407xx -c -I../Core/Inc -I../Drivers/STM32F4xx_HAL_Driver/Inc -I../Drivers/STM32F4xx_HAL_Driver/Inc/Legacy -I../Drivers/CMSIS/Device/ST/STM32F4xx/Include -I../Drivers/CMSIS/Include -O0 -ffunction-sections -fdata-sections -Wall -fstack-usage -fcyclomatic-complexity -MMD -MP -MF"Core/Src/main.d" -MT"Core/Src/main.o" --specs=nano.specs -mfpu=fpv4-sp-d16 -mfloat-abi=hard -mthumb -o "Core/Src/main.o"
../Core/Src/main.c: In function 'main':
../Core/Src/main.c:405:15: warning: implicit declaration of function 'Show_Last_Two_Alerts' [-Wimplicit-function-declaration]
  405 |               Show_Last_Two_Alerts();
      |               ^~~~~~~~~~~~~~~~~~~~
../Core/Src/main.c: At top level:
../Core/Src/main.c:938:6: warning: conflicting types for 'Show_Last_Two_Alerts'; have 'void(void)'
  938 | void Show_Last_Two_Alerts(void)
      |      ^~~~~~~~~~~~~~~~~~~~
../Core/Src/main.c:405:15: note: previous implicit declaration of 'Show_Last_Two_Alerts' with type 'void(void)'
  405 |               Show_Last_Two_Alerts();
      |               ^~~~~~~~~~~~~~~~~~~~
arm-none-eabi-gcc -o "Projet_scenario_1.elf" @"objects.list"   -mcpu=cortex-m4 -T"C:\Users\Doublism\Desktop\2222\Projet_scenario_1\STM32F407VGTX_FLASH.ld" --specs=nosys.specs -Wl,-Map="Projet_scenario_1.map" -Wl,--gc-sections -static --specs=nano.specs -mfpu=fpv4-sp-d16 -mfloat-abi=hard -mthumb -u _printf_float -Wl,--start-group -lc -lm -Wl,--end-group
Finished building target: Projet_scenario_1.elf
 
arm-none-eabi-size  Projet_scenario_1.elf 
arm-none-eabi-objdump -h -S Projet_scenario_1.elf  > "Projet_scenario_1.list"
arm-none-eabi-objcopy  -O ihex Projet_scenario_1.elf  "Projet_scenario_1.hex"
   text	   data	    bss	    dec	    hex	filename
  41252	    492	   2708	  44452	   ada4	Projet_scenario_1.elf
Finished building: default.size.stdout
 
Finished building: Projet_scenario_1.hex
 
Finished building: Projet_scenario_1.list
 
05:42:36 **** Incremental Build of configuration Debug for project Projet_scenario_1 ****
make -j4 all 
arm-none-eabi-gcc "../Core/Src/main.c" -mcpu=cortex-m4 -std=gnu11 -g3 -DDEBUG -DUSE_HAL_DRIVER -DSTM32F407xx -c -I../Core/Inc -I../Drivers/STM32F4xx_HAL_Driver/Inc -I../Drivers/STM32F4xx_HAL_Driver/Inc/Legacy -I../Drivers/CMSIS/Device/ST/STM32F4xx/Include -I../Drivers/CMSIS/Include -O0 -ffunction-sections -fdata-sections -Wall -fstack-usage -fcyclomatic-complexity -MMD -MP -MF"Core/Src/main.d" -MT"Core/Src/main.o" --specs=nano.specs -mfpu=fpv4-sp-d16 -mfloat-abi=hard -mthumb -o "Core/Src/main.o"
../Core/Src/main.c: In function 'HAL_ADC_ConvCpltCallback':
../Core/Src/main.c:223:15: error: redefinition of 'soil_dryness'
  223 |         float soil_dryness = (current_soil / 4095.0f) * 100.0f;
      |               ^~~~~~~~~~~~
../Core/Src/main.c:222:15: note: previous definition of 'soil_dryness' with type 'float'
  222 |         float soil_dryness = 0.0f;
      |               ^~~~~~~~~~~~
../Core/Src/main.c: In function 'main':
../Core/Src/main.c:396:15: warning: implicit declaration of function 'Show_Last_Two_Alerts' [-Wimplicit-function-declaration]
  396 |               Show_Last_Two_Alerts();
      |               ^~~~~~~~~~~~~~~~~~~~
../Core/Src/main.c: At top level:
../Core/Src/main.c:929:6: warning: conflicting types for 'Show_Last_Two_Alerts'; have 'void(void)'
  929 | void Show_Last_Two_Alerts(void)
      |      ^~~~~~~~~~~~~~~~~~~~
../Core/Src/main.c:396:15: note: previous implicit declaration of 'Show_Last_Two_Alerts' with type 'void(void)'
  396 |               Show_Last_Two_Alerts();
      |               ^~~~~~~~~~~~~~~~~~~~
make: *** [Core/Src/subdir.mk:43: Core/Src/main.o] Error 1
"make -j4 all" terminated with exit code 2. Build might be incomplete.
05:42:51 **** Incremental Build of configuration Debug for project Projet_scenario_1 ****
make -j4 all 
arm-none-eabi-gcc "../Core/Src/main.c" -mcpu=cortex-m4 -std=gnu11 -g3 -DDEBUG -DUSE_HAL_DRIVER -DSTM32F407xx -c -I../Core/Inc -I../Drivers/STM32F4xx_HAL_Driver/Inc -I../Drivers/STM32F4xx_HAL_Driver/Inc/Legacy -I../Drivers/CMSIS/Device/ST/STM32F4xx/Include -I../Drivers/CMSIS/Include -O0 -ffunction-sections -fdata-sections -Wall -fstack-usage -fcyclomatic-complexity -MMD -MP -MF"Core/Src/main.d" -MT"Core/Src/main.o" --specs=nano.specs -mfpu=fpv4-sp-d16 -mfloat-abi=hard -mthumb -o "Core/Src/main.o"
../Core/Src/main.c: In function 'main':
../Core/Src/main.c:395:15: warning: implicit declaration of function 'Show_Last_Two_Alerts' [-Wimplicit-function-declaration]
  395 |               Show_Last_Two_Alerts();
      |               ^~~~~~~~~~~~~~~~~~~~
../Core/Src/main.c: At top level:
../Core/Src/main.c:928:6: warning: conflicting types for 'Show_Last_Two_Alerts'; have 'void(void)'
  928 | void Show_Last_Two_Alerts(void)
      |      ^~~~~~~~~~~~~~~~~~~~
../Core/Src/main.c:395:15: note: previous implicit declaration of 'Show_Last_Two_Alerts' with type 'void(void)'
  395 |               Show_Last_Two_Alerts();
      |               ^~~~~~~~~~~~~~~~~~~~
arm-none-eabi-gcc -o "Projet_scenario_1.elf" @"objects.list"   -mcpu=cortex-m4 -T"C:\Users\Doublism\Desktop\2222\Projet_scenario_1\STM32F407VGTX_FLASH.ld" --specs=nosys.specs -Wl,-Map="Projet_scenario_1.map" -Wl,--gc-sections -static --specs=nano.specs -mfpu=fpv4-sp-d16 -mfloat-abi=hard -mthumb -u _printf_float -Wl,--start-group -lc -lm -Wl,--end-group
Finished building target: Projet_scenario_1.elf
 
arm-none-eabi-size  Projet_scenario_1.elf 
arm-none-eabi-objdump -h -S Projet_scenario_1.elf  > "Projet_scenario_1.list"
arm-none-eabi-objcopy  -O ihex Projet_scenario_1.elf  "Projet_scenario_1.hex"
   text	   data	    bss	    dec	    hex	filename
  41244	    492	   2692	  44428	   ad8c	Projet_scenario_1.elf
Finished building: default.size.stdout
 
Finished building: Projet_scenario_1.hex
 
Finished building: Projet_scenario_1.list
 
05:49:28 **** Incremental Build of configuration Debug for project Projet_scenario_1 ****
make -j4 all 
arm-none-eabi-gcc "../Core/Src/main.c" -mcpu=cortex-m4 -std=gnu11 -g3 -DDEBUG -DUSE_HAL_DRIVER -DSTM32F407xx -c -I../Core/Inc -I../Drivers/STM32F4xx_HAL_Driver/Inc -I../Drivers/STM32F4xx_HAL_Driver/Inc/Legacy -I../Drivers/CMSIS/Device/ST/STM32F4xx/Include -I../Drivers/CMSIS/Include -O0 -ffunction-sections -fdata-sections -Wall -fstack-usage -fcyclomatic-complexity -MMD -MP -MF"Core/Src/main.d" -MT"Core/Src/main.o" --specs=nano.specs -mfpu=fpv4-sp-d16 -mfloat-abi=hard -mthumb -o "Core/Src/main.o"
../Core/Src/main.c: In function 'HAL_ADC_ConvCpltCallback':
../Core/Src/main.c:246:25: warning: unused variable 'risk_str' [-Wunused-variable]
  246 |             const char* risk_str = get_risk_string(ml_risk_level);
      |                         ^~~~~~~~
../Core/Src/main.c: In function 'main':
../Core/Src/main.c:405:15: warning: implicit declaration of function 'Show_Last_Two_Alerts' [-Wimplicit-function-declaration]
  405 |               Show_Last_Two_Alerts();
      |               ^~~~~~~~~~~~~~~~~~~~
../Core/Src/main.c: At top level:
../Core/Src/main.c:938:6: warning: conflicting types for 'Show_Last_Two_Alerts'; have 'void(void)'
  938 | void Show_Last_Two_Alerts(void)
      |      ^~~~~~~~~~~~~~~~~~~~
../Core/Src/main.c:405:15: note: previous implicit declaration of 'Show_Last_Two_Alerts' with type 'void(void)'
  405 |               Show_Last_Two_Alerts();
      |               ^~~~~~~~~~~~~~~~~~~~
arm-none-eabi-gcc -o "Projet_scenario_1.elf" @"objects.list"   -mcpu=cortex-m4 -T"C:\Users\Doublism\Desktop\2222\Projet_scenario_1\STM32F407VGTX_FLASH.ld" --specs=nosys.specs -Wl,-Map="Projet_scenario_1.map" -Wl,--gc-sections -static --specs=nano.specs -mfpu=fpv4-sp-d16 -mfloat-abi=hard -mthumb -u _printf_float -Wl,--start-group -lc -lm -Wl,--end-group
Finished building target: Projet_scenario_1.elf
 
arm-none-eabi-size  Projet_scenario_1.elf 
arm-none-eabi-objdump -h -S Projet_scenario_1.elf  > "Projet_scenario_1.list"
   text	   data	    bss	    dec	    hex	filename
  41364	    492	   2692	  44548	   ae04	Projet_scenario_1.elf
arm-none-eabi-objcopy  -O ihex Projet_scenario_1.elf  "Projet_scenario_1.hex"
Finished building: default.size.stdout
 
Finished building: Projet_scenario_1.hex
 
Finished building: Projet_scenario_1.list
 
05:51:09 **** Incremental Build of configuration Debug for project Projet_scenario_1 ****
make -j4 all 
arm-none-eabi-gcc "../Core/Src/main.c" -mcpu=cortex-m4 -std=gnu11 -g3 -DDEBUG -DUSE_HAL_DRIVER -DSTM32F407xx -c -I../Core/Inc -I../Drivers/STM32F4xx_HAL_Driver/Inc -I../Drivers/STM32F4xx_HAL_Driver/Inc/Legacy -I../Drivers/CMSIS/Device/ST/STM32F4xx/Include -I../Drivers/CMSIS/Include -O0 -ffunction-sections -fdata-sections -Wall -fstack-usage -fcyclomatic-complexity -MMD -MP -MF"Core/Src/main.d" -MT"Core/Src/main.o" --specs=nano.specs -mfpu=fpv4-sp-d16 -mfloat-abi=hard -mthumb -o "Core/Src/main.o"
../Core/Src/main.c: In function 'main':
../Core/Src/main.c:395:15: warning: implicit declaration of function 'Show_Last_Two_Alerts' [-Wimplicit-function-declaration]
  395 |               Show_Last_Two_Alerts();
      |               ^~~~~~~~~~~~~~~~~~~~
../Core/Src/main.c: At top level:
../Core/Src/main.c:928:6: warning: conflicting types for 'Show_Last_Two_Alerts'; have 'void(void)'
  928 | void Show_Last_Two_Alerts(void)
      |      ^~~~~~~~~~~~~~~~~~~~
../Core/Src/main.c:395:15: note: previous implicit declaration of 'Show_Last_Two_Alerts' with type 'void(void)'
  395 |               Show_Last_Two_Alerts();
      |               ^~~~~~~~~~~~~~~~~~~~
arm-none-eabi-gcc -o "Projet_scenario_1.elf" @"objects.list"   -mcpu=cortex-m4 -T"C:\Users\Doublism\Desktop\2222\Projet_scenario_1\STM32F407VGTX_FLASH.ld" --specs=nosys.specs -Wl,-Map="Projet_scenario_1.map" -Wl,--gc-sections -static --specs=nano.specs -mfpu=fpv4-sp-d16 -mfloat-abi=hard -mthumb -u _printf_float -Wl,--start-group -lc -lm -Wl,--end-group
Finished building target: Projet_scenario_1.elf
 
arm-none-eabi-size  Projet_scenario_1.elf 
arm-none-eabi-objdump -h -S Projet_scenario_1.elf  > "Projet_scenario_1.list"
arm-none-eabi-objcopy  -O ihex Projet_scenario_1.elf  "Projet_scenario_1.hex"
   text	   data	    bss	    dec	    hex	filename
  41244	    492	   2692	  44428	   ad8c	Projet_scenario_1.elf
Finished building: default.size.stdout
 
Finished building: Projet_scenario_1.hex
 
Finished building: Projet_scenario_1.list
 
